mkdir: %_DEST%\inc%_EXT%\l10ntools
mkdir: %_DEST%\bin%_EXT%
mkdir: %_DEST%\bin%_EXT%\help
mkdir: %_DEST%\bin%_EXT%\help\com
mkdir: %_DEST%\bin%_EXT%\help\com\sun
mkdir: %_DEST%\bin%_EXT%\help\com\sun\star
mkdir: %_DEST%\bin%_EXT%\help\com\sun\star\help

..\%__SRC%\bin\X40cfgex.exe %_DEST%\bin%_EXT%\X40cfgex.exe
..\%__SRC%\bin\X40cfgex %_DEST%\bin%_EXT%\X40cfgex
..\%__SRC%\bin\X40transex3.exe %_DEST%\bin%_EXT%\X40transex3.exe
..\%__SRC%\bin\X40transex3 %_DEST%\bin%_EXT%\X40transex3
#..\%__SRC%\bin\X40lngex.exe %_DEST%\bin%_EXT%\X40lngex.exe
#..\%__SRC%\bin\X40lngex %_DEST%\bin%_EXT%\X40lngex
..\%__SRC%\bin\X40localize_sl.exe %_DEST%\bin%_EXT%\X40localize_sl.exe
..\%__SRC%\bin\X40localize_sl %_DEST%\bin%_EXT%\X40localize_sl
..\%__SRC%\bin\X40xrmex.exe %_DEST%\bin%_EXT%\X40xrmex.exe
..\%__SRC%\bin\X40xrmex %_DEST%\bin%_EXT%\X40xrmex
..\%__SRC%\bin\X40gsicheck.exe %_DEST%\bin%_EXT%\X40gsicheck.exe
..\%__SRC%\bin\X40gsicheck %_DEST%\bin%_EXT%\X40gsicheck
..\%__SRC%\bin\X40helpex.exe %_DEST%\bin%_EXT%\X40helpex.exe
..\%__SRC%\bin\X40helpex %_DEST%\bin%_EXT%\X40helpex
..\%__SRC%\bin\X40ulfex.exe %_DEST%\bin%_EXT%\X40ulfex.exe
..\%__SRC%\bin\X40ulfex %_DEST%\bin%_EXT%\X40ulfex
#..\%__SRC%\bin\X40txtconv.exe %_DEST%\bin%_EXT%\X40txtconv.exe
#..\%__SRC%\bin\X40txtconv %_DEST%\bin%_EXT%\X40txtconv
..\%__SRC%\bin\X40tralay.exe %_DEST%\bin%_EXT%\X40tralay.exe
..\%__SRC%\bin\X40tralay %_DEST%\bin%_EXT%\X40tralay
#..\%__SRC%\bin\X40ulfconv %_DEST%\bin%_EXT%\X40ulfconv
..\%__SRC%\class\X40FCFGMerge.jar %_DEST%\bin%_EXT%\X40FCFGMerge.jar
..\%__SRC%\class\X40HelpIndexerTool.jar %_DEST%\bin%_EXT%\X40HelpIndexerTool.jar
..\%__SRC%\class\jpropex\X40jpropex.jar %_DEST%\bin%_EXT%\X40jpropex.jar
..\%__SRC%\bin\X40HelpLinker %_DEST%\bin%_EXT%\X40HelpLinker
..\%__SRC%\bin\X40HelpLinker.exe %_DEST%\bin%_EXT%\X40HelpLinker.exe
#..\%__SRC%\bin\X40HelpCompiler %_DEST%\bin%_EXT%\X40HelpCompiler
#..\%__SRC%\bin\X40HelpCompiler.exe %_DEST%\bin%_EXT%\X40HelpCompiler.exe
#..\%__SRC%\bin\X40HelpLink* %_DEST%\bin%_EXT%

..\%__SRC%\class\converter\X40converter.jar %_DEST%\bin%_EXT%\X40converter.jar
..\%__SRC%\doc\X40converter_javadoc.zip %_DEST%\bin%_EXT%\X40converter_javadoc.zip

..\%__SRC%\class\receditor\X40receditor.jar %_DEST%\bin%_EXT%\X40receditor.jar

..\java\jpropex\X40jpropex %_DEST%\bin%_EXT%\X40jpropex
..\scripts\localize.pl %_DEST%\bin%_EXT%\X40localize.pl
..\scripts\localize_old.pl %_DEST%\bin%_EXT%\X40localize_old.pl
..\scripts\localize %_DEST%\bin%_EXT%\X40localize
..\scripts\fast_merge.pl %_DEST%\bin%_EXT%\X40fast_merge.pl
..\scripts\keyidGen.pl %_DEST%\bin%_EXT%\X40keyidGen.pl
..\scripts\xtxex %_DEST%\bin%_EXT%\X40xtxex
..\scripts\xhtex %_DEST%\bin%_EXT%\X40xhtex
..\%__SRC%\bin\X40const.py %_DEST%\bin%_EXT%\X40const.py
..\%__SRC%\bin\X40l10ntool.py %_DEST%\bin%_EXT%\X40l10ntool.py
..\%__SRC%\bin\X40pseudo.py %_DEST%\bin%_EXT%\X40pseudo.py
..\%__SRC%\bin\X40sdf.py %_DEST%\bin%_EXT%\X40sdf.py
..\%__SRC%\bin\X40const.pyc %_DEST%\bin%_EXT%\X40const.pyc
..\%__SRC%\bin\X40l10ntool.pyc %_DEST%\bin%_EXT%\X40l10ntool.pyc
..\%__SRC%\bin\X40pseudo.pyc %_DEST%\bin%_EXT%\X40pseudo.pyc
..\%__SRC%\bin\X40sdf.pyc %_DEST%\bin%_EXT%\X40sdf.pyc
..\%__SRC%\bin\X40xhtex.py %_DEST%\bin%_EXT%\X40xhtex.py
..\%__SRC%\bin\X40xtxex.py %_DEST%\bin%_EXT%\X40xtxex.py
..\%__SRC%\bin\X40xhtex.pyc %_DEST%\bin%_EXT%\X40xhtex.pyc
..\%__SRC%\bin\X40xtxex.pyc %_DEST%\bin%_EXT%\X40xtxex.pyc
..\inc\X40export.hxx %_DEST%\inc%_EXT%\l10ntools\X40export.hxx
..\inc\l10ntools\X40directory.hxx %_DEST%\inc%_EXT%\l10ntools\X40directory.hxx
..\inc\l10ntools\X40file.hxx %_DEST%\inc%_EXT%\l10ntools\X40file.hxx
..\inc\l10ntools\X40vosapp.hxx %_DEST%\inc%_EXT%\l10ntools\X40vosapp.hxx
..\source\filter\merge\X40FCFGMerge.cfg  %_DEST%\inc%_EXT%\l10ntools\X40FCFGMerge.cfg

..\inc\X40utf8conv.hxx %_DEST%\inc%_EXT%\l10ntools\X40utf8conv.hxx
..\%__SRC%\lib\X40transex.lib %_DEST%\lib%_EXT%\X40transex.lib
..\%__SRC%\lib\X40libtransex.a %_DEST%\lib%_EXT%\X40libtransex.a

..\source\help\X40compilehelp.hxx %_DEST%\inc%_EXT%\l10ntools\X40compilehelp.hxx
#..\source\help\X40helplinkerdllapi.h  %_DEST%\inc%_EXT%\l10ntools\X40helplinkerdllapi.h
..\%__SRC%\lib\* %_DEST%\lib%_EXT%\*
..\%__SRC%\class\com\sun\star\help\* %_DEST%\bin%_EXT%\help\com\sun\star\help\*

..\%__SRC%\bin\genLang %_DEST%\bin%_EXT%\genLang
..\%__SRC%\bin\genLang.exr %_DEST%\bin%_EXT%\genLang.exe
