FID_ADJUST_PRINTZOOM,26652,.uno:AdjustPrintZoom
FID_APPLY_NAME,26274,.uno:ApplyNames
FID_AUTOCOMPLETE,26319,.uno:AutoComplete
FID_AUTO_CALC,26303,.uno:AutomaticCalculation
FID_CELL_FORMAT,26280,.uno:FormatCellDialog
FID_CHG_ACCEPT,26258,.uno:AcceptChanges
FID_CHG_COMMENT,26259,.uno:CommentChange
FID_CHG_RECORD,26238,.uno:TraceChangeMode
FID_CHG_SHOW,26239,.uno:ShowChanges
FID_COL_HIDE,26287,.uno:HideColumn
FID_COL_OPT_DIRECT,26299,.uno:SetOptimalColumnWidthDirect
FID_COL_OPT_WIDTH,26286,.uno:SetOptimalColumnWidth
FID_COL_SHOW,26288,.uno:ShowColumn
FID_COL_WIDTH,26285,.uno:ColumnWidth
FID_CONDITIONAL_FORMAT,26291,.uno:ConditionalFormat
FID_DEFINE_NAME,26271,.uno:DefineName
FID_DELETE_CELL,26222,.uno:DeleteCell
FID_DELETE_TABLE,26223,.uno:Remove
FID_DEL_COLBRK,26264,.uno:DeleteColumnbreak
FID_DEL_MANUALBREAKS,26650,.uno:DeleteAllBreaks
FID_DEL_ROWBRK,26263,.uno:DeleteRowbreak
FID_FILL_AUTO,26556,.uno:AutoFill
FID_FILL_SERIES,26229,.uno:FillSeries
FID_FILL_TAB,26228,.uno:FillTable
FID_FILL_TO_BOTTOM,26224,.uno:FillDown
FID_FILL_TO_LEFT,26227,.uno:FillLeft
FID_FILL_TO_RIGHT,26225,.uno:FillRight
FID_FILL_TO_TOP,26226,.uno:FillUp
FID_FILTER_OK,26108,.uno:FilterExecute
FID_FOCUS_POSWND,26645,.uno:FocusCellAddress
FID_FUNCTION_BOX,26248,.uno:FunctionBox
FID_HARD_RECALC,26318,.uno:CalculateHard
FID_INPUTLINE_BLOCK,26129,.uno:InputLineBlock
FID_INPUTLINE_ENTER,26101,.uno:InputLineEnter
FID_INPUTLINE_MATRIX,26111,.uno:InputLineMatrix
FID_INPUTLINE_STATUS,26100,.uno:StatusInputLine
FID_INSERT_FILE,26624,.uno:InsertFile
FID_INSERT_NAME,26272,.uno:InsertName
FID_INS_CELL,26266,.uno:InsertCell
FID_INS_CELLSDOWN,26278,.uno:InsertCellsDown
FID_INS_CELLSRIGHT,26279,.uno:InsertCellsRight
FID_INS_CELL_CONTENTS,26265,.uno:InsertContents
FID_INS_COLBRK,26262,.uno:InsertColumnBreak
FID_INS_COLUMN,26268,.uno:InsertColumns
FID_INS_ROW,26267,.uno:InsertRows
FID_INS_ROWBRK,26261,.uno:InsertRowBreak
FID_INS_TABLE,26269,.uno:Insert
FID_INS_TABLE_EXT,26275,.uno:InsertSheetFromFile
FID_MERGE_OFF,26294,.uno:SplitCell
FID_MERGE_ON,26293,.uno:MergeCells
FID_MERGE_TOGGLE,26581,.uno:ToggleMergeCells
FID_NORMALVIEWMODE,26249,.uno:NormalViewMode
FID_NOTE_VISIBLE,26630,.uno:NoteVisible
FID_PAGEBREAKMODE,26247,.uno:PagebreakMode
FID_PASTE_CONTENTS,26220,.uno:PasteSpecial
FID_PROTECT_DOC,26307,.uno:ToolProtectionDocument
FID_PROTECT_TABLE,26306,.uno:Protect
FID_RECALC,26304,.uno:Calculate
FID_REPEAT_SEARCH,26612,.uno:RepeatSearch
FID_REPLACE,26613,.uno:Replace
FID_REPLACE_ALL,26615,.uno:ReplaceAll
FID_RESET_PRINTZOOM,26653,.uno:ResetPrintZoom
FID_ROW_HEIGHT,26281,.uno:RowHeight
FID_ROW_HIDE,26283,.uno:HideRow
FID_ROW_OPT_HEIGHT,26282,.uno:SetOptimalRowHeight
FID_ROW_SHOW,26284,.uno:ShowRow
FID_SCALE,26244,.uno:Scale
FID_SCALESTATUS,26010,.uno:StatusScale
FID_SEARCH,26611,.uno:Search
FID_SEARCH_ALL,26614,.uno:SearchAll
FID_SEARCH_NOW,10502,.uno:ExecuteSearch
FID_SEARCH_OFF,10501,.uno:SearchOff
FID_SEARCH_ON,10500,.uno:SearchOn
FID_SEARCH_REPLACESET,10505,.uno:ReplaceSet
FID_SEARCH_SEARCHSET,10504,.uno:SearchSet
FID_TABLE_HIDE,26289,.uno:Hide
FID_TABLE_SHOW,26290,.uno:Show
FID_TABLE_VISIBLE,26298,.uno:Visible
FID_TAB_APPEND,26350,.uno:Add
FID_TAB_MENU_RENAME,26346,.uno:RenameTable
FID_TAB_MOVE,26348,.uno:Move
FID_TAB_RENAME,26347,.uno:Name
FID_TAB_RTL,26352,.uno:SheetRightToLeft
FID_TAB_SELECTALL,26349,.uno:TableSelectAll
FID_TOGGLEHEADERS,26242,.uno:ViewRowColumnHeaders
FID_TOGGLEINPUTLINE,26241,.uno:InputLineVisible
FID_TOGGLESYNTAX,26245,.uno:ViewValueHighlighting
FID_USE_NAME,26273,.uno:CreateNames
FID_VALIDATION,26625,.uno:Validation
FN_ABSTRACT_NEWDOC,21612,.uno:CreateAbstract
FN_ABSTRACT_STARIMPRESS,21613,.uno:SendAbstractToStarImpress
FN_ADD_UNKNOWN,20606,.uno:AddAllUnknownWords
FN_AUTOFORMAT_APPLY,20401,.uno:AutoFormatApply
FN_AUTOFORMAT_AUTO,20402,.uno:OnlineAutoFormat
FN_AUTOFORMAT_REDLINE_APPLY,20406,.uno:AutoFormatRedlineApply
FN_AUTO_CORRECT,20649,.uno:StartAutoCorrect
FN_BACKSPACE,20926,.uno:SwBackspace
FN_BUSINESS_CARD,21052,.uno:InsertBusinessCard
FN_CALCULATE,20615,.uno:CalculateSel
FN_CALC_TABLE,20129,.uno:Calc
FN_CHANGE_DBFIELD,20309,.uno:ChangeDatabaseField
FN_CHANGE_PAGENUM,20634,.uno:PageOffsetDialog
FN_CHAR_LEFT,20901,.uno:GoLeft
FN_CHAR_LEFT_SEL,20801,.uno:CharLeftSel
FN_CHAR_RIGHT,20902,.uno:GoRight
FN_CHAR_RIGHT_SEL,20802,.uno:CharRightSel
FN_CLOSE_PAGEPREVIEW,21254,.uno:ClosePreview
FN_CNTNT_TO_NEXT_FRAME,20958,.uno:JumpToNextFrame
FN_CONVERT_TABLE_TO_TEXT,20532,.uno:ConvertTableToText
FN_CONVERT_TEXT_TABLE,20500,.uno:ConvertTableText
FN_CONVERT_TEXT_TO_TABLE,20531,.uno:ConvertTextToTable
FN_DEC_INDENT_OFFSET,21751,.uno:DecrementIndentValue
FN_DELETE_BACK_LINE,20932,.uno:DelToStartOfLine
FN_DELETE_BACK_PARA,20934,.uno:DelToStartOfPara
FN_DELETE_BACK_SENT,20928,.uno:DelToStartOfSentence
FN_DELETE_BACK_WORD,20930,.uno:DelToStartOfWord
FN_DELETE_BOOKMARK,20301,.uno:DeleteBookmark
FN_DELETE_LINE,20931,.uno:DelToEndOfLine
FN_DELETE_PARA,20933,.uno:DelToEndOfPara
FN_DELETE_SENT,20927,.uno:DelToEndOfSentence
FN_DELETE_WHOLE_LINE,20935,.uno:DelLine
FN_DELETE_WORD,20929,.uno:DelToEndOfWord
FN_DRAWTEXT_ATTR_DLG,20376,.uno:TextAttributes
FN_DRAW_WRAP_DLG,20203,.uno:TextWrap
FN_DROP_CHAR_STYLE_NAME,22419,.uno:SetDropCapCharStyleName
FN_DROP_TEXT,22418,.uno:SetDropCapText
FN_EDIT_AUTH_ENTRY_DLG,21833,.uno:AuthoritiesEntryDialog
FN_EDIT_CURRENT_TOX,21832,.uno:EditCurIndex
FN_EDIT_FIELD,20104,.uno:FieldDialog
FN_EDIT_FOOTNOTE,20162,.uno:EditFootnote
FN_EDIT_FORMULA,20128,.uno:InsertFormula
FN_EDIT_HYPERLINK,21835,.uno:EditHyperlink
FN_EDIT_IDX_ENTRY_DLG,20123,.uno:IndexEntryDialog
FN_EDIT_LINK_DLG,20109,.uno:LinkDialog
FN_EDIT_REGION,20165,.uno:EditRegion
FN_END_DOC_DIRECT,20979,.uno:JumpToEndOfDoc
FN_END_OF_COLUMN,20918,.uno:GoToEndOfColumn
FN_END_OF_DOCUMENT,20908,.uno:GoToEndOfDoc
FN_END_OF_DOCUMENT_SEL,20808,.uno:EndOfDocumentSel
FN_END_OF_LINE,20906,.uno:GoToEndOfLine
FN_END_OF_LINE_SEL,20806,.uno:EndOfLineSel
FN_END_OF_NEXT_COLUMN,20952,.uno:GoToEndOfNextColumn
FN_END_OF_NEXT_PAGE,20910,.uno:GoToEndOfNextPage
FN_END_OF_NEXT_PAGE_SEL,20810,.uno:GoToEndOfNextPageSel
FN_END_OF_PAGE,20914,.uno:GoToEndOfPage
FN_END_OF_PAGE_SEL,20814,.uno:GoToEndOfPageSel
FN_END_OF_PARA,20920,.uno:GoToEndOfPara
FN_END_OF_PARA_SEL,20820,.uno:EndOfParaSel
FN_END_OF_PREV_COLUMN,20954,.uno:GoToEndOfPrevColumn
FN_END_OF_PREV_PAGE,20912,.uno:GoToEndOfPrevPage
FN_END_OF_PREV_PAGE_SEL,20812,.uno:GoToEndOfPrevPageSel
FN_END_TABLE,20948,.uno:GoToEnd
FN_ENVELOP,21050,.uno:InsertEnvelope
FN_ESCAPE,20941,.uno:Escape
FN_EXECUTE_MACROFIELD,20127,.uno:ExecuteMacroField
FN_EXPAND_GLOSSARY,20628,.uno:ExpandGlossary
FN_FAX,20028,.uno:SendFax
FN_FLIP_HORZ_GRAFIC,20425,.uno:FlipHorizontal
FN_FLIP_VERT_GRAFIC,20426,.uno:FlipVertical
FN_FOOTNOTE_TO_ANCHOR,20955,.uno:JumpToFootnoteOrAnchor
FN_FORMAT_APPLY_DEFAULT,21757,.uno:ApplyStyleDefault
FN_FORMAT_APPLY_HEAD1,21754,.uno:ApplyStyleHead1
FN_FORMAT_APPLY_HEAD2,21755,.uno:ApplyStyleHead2
FN_FORMAT_APPLY_HEAD3,21756,.uno:ApplyStyleHead3
FN_FORMAT_APPLY_TEXTBODY,21758,.uno:ApplyStyleTextbody
FN_FORMAT_BACKGROUND_DLG,20450,.uno:BackgroundDialog
FN_FORMAT_BORDER_DLG,20448,.uno:BorderDialog
FN_FORMAT_COLUMN,20453,.uno:FormatColumns
FN_FORMAT_DROPCAPS,20454,.uno:FormatDropcap
FN_FORMAT_FOOTNOTE_DLG,20468,.uno:FootnoteDialog
FN_FORMAT_FRAME_DLG,20456,.uno:FrameDialog
FN_FORMAT_GRAFIC_DLG,20458,.uno:GraphicDialog
FN_FORMAT_LINENUMBER,21744,.uno:LineNumber
FN_FORMAT_PAGE_COLUMN_DLG,20449,.uno:PageColumnDialog
FN_FORMAT_PAGE_DLG,20452,.uno:PageDialog
FN_FORMAT_RESET,20469,.uno:ResetAttributes
FN_FORMAT_TABLE_DLG,20460,.uno:TableDialog
FN_FRAME_ALIGN_HORZ_CENTER,20477,.uno:AlignHorizontalCenter
FN_FRAME_ALIGN_HORZ_LEFT,20475,.uno:AlignLeft
FN_FRAME_ALIGN_HORZ_RIGHT,20476,.uno:AlignRight
FN_FRAME_ALIGN_VERT_BOTTOM,20479,.uno:AlignBottom
FN_FRAME_ALIGN_VERT_CENTER,20480,.uno:AlignVerticalCenter
FN_FRAME_ALIGN_VERT_CHAR_BOTTOM,20569,.uno:AlignCharBottom
FN_FRAME_ALIGN_VERT_CHAR_CENTER,20570,.uno:AlignVerticalCharCenter
FN_FRAME_ALIGN_VERT_CHAR_TOP,20568,.uno:AlignCharTop
FN_FRAME_ALIGN_VERT_ROW_BOTTOM,20566,.uno:AlignRowBottom
FN_FRAME_ALIGN_VERT_ROW_CENTER,20567,.uno:AlignVerticalRowCenter
FN_FRAME_ALIGN_VERT_ROW_TOP,20565,.uno:AlignRowTop
FN_FRAME_ALIGN_VERT_TOP,20478,.uno:AlignTop
FN_FRAME_CHAIN,21736,.uno:ChainFrames
FN_FRAME_DOWN,20523,.uno:ObjectForwardOne
FN_FRAME_MIRROR_ON_EVEN_PAGES,21740,.uno:MirrorOnEvenPages
FN_FRAME_NOWRAP,20472,.uno:WrapOff
FN_FRAME_TO_ANCHOR,20959,.uno:GoToAnchor
FN_FRAME_UNCHAIN,21737,.uno:UnhainFrames
FN_FRAME_UP,20522,.uno:ObjectBackOne
FN_FRAME_WRAP,20473,.uno:WrapOn
FN_FRAME_WRAPTHRU,20474,.uno:WrapThrough
FN_FRAME_WRAPTHRU_TRANSP,20564,.uno:WrapThroughTransparent
FN_FRAME_WRAP_CONTOUR,20584,.uno:WrapContour
FN_FRAME_WRAP_IDEAL,20563,.uno:WrapIdeal
FN_FRAME_WRAP_LEFT,20572,.uno:WrapLeft
FN_FRAME_WRAP_RIGHT,20573,.uno:WrapRight
FN_GLOSSARY_DLG,20620,.uno:EditGlossary
FN_GOTO_NEXT_CELL,20545,.uno:JumpToNextCell
FN_GOTO_NEXT_INPUTFLD,20147,.uno:GotoNextInputField
FN_GOTO_NEXT_MARK,20976,.uno:GotoNextPlacemarker
FN_GOTO_NEXT_OBJ,20944,.uno:GotoNextObject
FN_GOTO_NEXT_REGION,21609,.uno:JumpToNextRegion
FN_GOTO_PREV_CELL,20546,.uno:JumpToPrevCell
FN_GOTO_PREV_INPUTFLD,20148,.uno:GotoPrevInputField
FN_GOTO_PREV_MARK,20977,.uno:GotoPrevPlacemarker
FN_GOTO_PREV_OBJ,20945,.uno:GotoPrevObject
FN_GOTO_PREV_REGION,21610,.uno:JumpToPrevRegion
FN_GOTO_REFERENCE,20166,.uno:JumpToReference
FN_GRAPHIC_MIRROR_ON_EVEN_PAGES,21741,.uno:MirrorGraphicOnEvenPages
FN_GROW_FONT_SIZE,20403,.uno:Grow
FN_HSCROLLBAR,20218,.uno:HScroll
FN_HYPHENATE_OPT_DLG,20605,.uno:Hyphenate
FN_IDX_MARK_TO_IDX,20962,.uno:IndexMarkToIndex
FN_INC_INDENT_OFFSET,21750,.uno:IncrementIndentValue
FN_INSERT_AUTH_ENTRY_DLG,21421,.uno:InsertAuthoritiesEntry
FN_INSERT_BOOKMARK,20302,.uno:InsertBookmark
FN_INSERT_BREAK,20303,.uno:InsertPara
FN_INSERT_BREAK_DLG,20304,.uno:InsertBreak
FN_INSERT_CAPTION,20310,.uno:InsertCaptionDialog
FN_INSERT_COLUMN_BREAK,20305,.uno:InsertColumnBreak
FN_INSERT_CTRL,20389,.uno:InsertCtrl
FN_INSERT_DBFIELD,20311,.uno:InsertDBField
FN_INSERT_ENDNOTE,21418,.uno:InsertEndnote
FN_INSERT_FIELD,20308,.uno:InsertField
FN_INSERT_FIELD_CTRL,20391,.uno:InsertFieldCtrl
FN_INSERT_FIELD_DATA_ONLY(),,.uno:InsertFieldDataOnly
FN_INSERT_FLD_AUTHOR,20398,.uno:InsertAuthorField
FN_INSERT_FLD_DATE,20392,.uno:InsertDateField
FN_INSERT_FLD_PGCOUNT,20395,.uno:InsertPageCountField
FN_INSERT_FLD_PGNUMBER,20394,.uno:InsertPageNumberField
FN_INSERT_FLD_TIME,20393,.uno:InsertTimeField
FN_INSERT_FLD_TITLE,20397,.uno:InsertTitleField
FN_INSERT_FLD_TOPIC,20396,.uno:InsertTopicField
FN_INSERT_FOOTNOTE,20399,.uno:InsertFootnote
FN_INSERT_FOOTNOTE_DLG,20312,.uno:InsertFootnoteDialog
FN_INSERT_FRAME,20334,.uno:InsertFrame
FN_INSERT_FRAME_INTERACT,20333,.uno:InsertFrameInteract
FN_INSERT_FRAME_INTERACT_NOCOL,20336,.uno:InsertFrameInteractNoColumns
FN_INSERT_GLOSSARY,22289,.uno:InsertGlossary
FN_INSERT_HARDHYPHEN,20385,.uno:InsertHardHyphen
FN_INSERT_HARD_SPACE,20344,.uno:InsertNonBreakingSpace
FN_INSERT_HRULER,21411,.uno:InsertGraphicRuler
FN_INSERT_HYPERLINK,20314,.uno:InsertHyperlinkDlg
FN_INSERT_IDX_ENTRY_DLG,20335,.uno:InsertIndexesEntry
FN_INSERT_LINEBREAK,20318,.uno:InsertLinebreak
FN_INSERT_MULTI_TOX,21420,.uno:InsertMultiIndex
FN_INSERT_OBJECT_DLG,20322,.uno:InsertObjectDialog
FN_INSERT_OBJ_CTRL,20390,.uno:InsertObjCtrl
FN_INSERT_PAGEBREAK,20323,.uno:InsertPagebreak
FN_INSERT_PAGEFOOTER,21414,.uno:InsertPageFooter
FN_INSERT_PAGEHEADER,21413,.uno:InsertPageHeader
FN_INSERT_REF_FIELD,20313,.uno:InsertReferenceField
FN_INSERT_REGION,21419,.uno:InsertSection
FN_INSERT_SMA,20369,.uno:InsertObjectStarMath
FN_INSERT_SOFT_HYPHEN,20343,.uno:InsertSoftHyphen
FN_INSERT_STRING,20331,.uno:InsertText
FN_INSERT_SYMBOL,20328,.uno:InsertSymbol
FN_INSERT_TABLE,20330,.uno:InsertTable
FN_JAVAEDIT,21410,.uno:InsertScript
FN_LABEL,21051,.uno:InsertLabels
FN_LINE_DOWN,20904,.uno:GoDown
FN_LINE_DOWN_SEL,20804,.uno:LineDownSel
FN_LINE_NUMBERING_DLG,20602,.uno:LineNumberingDialog
FN_LINE_UP,20903,.uno:GoUp
FN_LINE_UP_SEL,20803,.uno:LineUpSel
FN_MAILMERGE_CHILDWINDOW,20368,.uno:MailmergeChildWindow
FN_MAILMERGE_SENDMAIL_CHILDWINDOW,21405,.uno:SendMailChildWindow
FN_MAILMERGE_WIZARD,20364,.uno:MailMergeWizard
FN_NAME_GROUP,21614,.uno:NameGroup
FN_NAVIGATION_PI_GOTO_PAGE,20659,.uno:GotoPage
FN_NEW_GLOBAL_DOC,20004,.uno:NewGlobalDoc
FN_NEW_GLOSSARY,22290,.uno:NewGlossary
FN_NEW_HTML_DOC,20040,.uno:NewHtmlDoc
FN_NEXT_BOOKMARK,20168,.uno:JumpToNextBookmark
FN_NEXT_FOOTNOTE,20956,.uno:JumpToNextFootnote
FN_NEXT_PARA,20975,.uno:GoToNextPara
FN_NEXT_SENT,20923,.uno:GoToNextSentence
FN_NEXT_SENT_SEL,20823,.uno:GotoNextSentenceSel
FN_NEXT_TABLE,20949,.uno:JumpToNextTable
FN_NEXT_TBLFML,20985,.uno:GotoNextTableFormula
FN_NEXT_TBLFML_ERR,20987,.uno:GotoNextWrongTableFormula
FN_NEXT_TOXMARK,20983,.uno:GotoNextIndexMark
FN_NEXT_WORD,20921,.uno:GoToNextWord
FN_NEXT_WORD_SEL,20821,.uno:WordRightSel
FN_NUMBERING_OUTLINE_DLG,20612,.uno:ChapterNumberingDialog
FN_NUMBER_BULLETS,20121,.uno:BulletsAndNumberingDialog
FN_NUMBER_CURRENCY,21727,.uno:NumberFormatCurrency
FN_NUMBER_DATE,21725,.uno:NumberFormatDate
FN_NUMBER_FORMAT,21720,.uno:NumberFormat
FN_NUMBER_NEWSTART,21738,.uno:NumberingStart
FN_NUMBER_NEWSTART_AT,21739,.uno:NumNewStartAt
FN_NUMBER_PERCENT,21728,.uno:NumberFormatPercent
FN_NUMBER_SCIENTIFIC,21724,.uno:NumberFormatScientific
FN_NUMBER_STANDARD,21721,.uno:NumberFormatStandard
FN_NUMBER_TIME,21726,.uno:NumberFormatTime
FN_NUMBER_TWODEC,21723,.uno:NumberFormatDecimal
FN_NUM_BULLET_DOWN,20130,.uno:DecrementLevel
FN_NUM_BULLET_MOVEDOWN,20135,.uno:MoveDown
FN_NUM_BULLET_MOVEUP,20134,.uno:MoveUp
FN_NUM_BULLET_NEXT,20133,.uno:JumpDownThisLevel
FN_NUM_BULLET_NONUM,20136,.uno:InsertNeutralParagraph
FN_NUM_BULLET_OFF,20137,.uno:RemoveBullets
FN_NUM_BULLET_ON,20138,.uno:DefaultBullet
FN_NUM_BULLET_OUTLINE_DOWN,20139,.uno:DecrementSubLevels
FN_NUM_BULLET_OUTLINE_MOVEDOWN,20142,.uno:MoveDownSubItems
FN_NUM_BULLET_OUTLINE_MOVEUP,20141,.uno:MoveUpSubItems
FN_NUM_BULLET_OUTLINE_UP,20140,.uno:IncrementSubLevels
FN_NUM_BULLET_PREV,20132,.uno:JumpUpThisLevel
FN_NUM_BULLET_UP,20131,.uno:IncrementLevel
FN_NUM_FORMAT_TABLE_DLG,20445,.uno:TableNumberFormatDialog
FN_NUM_NUMBERING_ON,20144,.uno:DefaultNumbering
FN_NUM_OR_NONUM,20146,.uno:NumberOrNoNumber
FN_OPTIMIZE_TABLE,20510,.uno:OptimizeTable
FN_OUTLINE_TO_CLIPBOARD,20037,.uno:SendOutlineToClipboard
FN_OUTLINE_TO_IMPRESS,20036,.uno:SendOutlineToStarImpress
FN_PAGEDOWN,20938,.uno:PageDown
FN_PAGEDOWN_SEL,20830,.uno:PageDownSel
FN_PAGEUP,20937,.uno:PageUp
FN_PAGEUP_SEL,20829,.uno:PageUpSel
FN_PASTESPECIAL,20114,.uno:PasteSpecial
FN_POSTIT,20329,.uno:InsertAnnotation
FN_PREVIEW_PRINT_OPTIONS,20250,.uno:PreviewPrintOptions
FN_PREVIEW_ZOOM,20251,.uno:PreviewZoom
FN_PREV_BOOKMARK,20169,.uno:JumpToPrevBookmark
FN_PREV_FOOTNOTE,20957,.uno:JumpToPrevFootnote
FN_PREV_PARA,20974,.uno:GoToPrevPara
FN_PREV_SENT,20924,.uno:GoToPrevSentence
FN_PREV_SENT_SEL,20824,.uno:GotoPrevSentenceSel
FN_PREV_TABLE,20950,.uno:JumpToPrevTable
FN_PREV_TBLFML,20986,.uno:GotoPrevTableFormula
FN_PREV_TBLFML_ERR,20988,.uno:GotoPrevWrongTableFormula
FN_PREV_TOXMARK,20984,.uno:GotoPrevIndexMark
FN_PREV_WORD,20922,.uno:GoToPrevWord
FN_PREV_WORD_SEL,20822,.uno:WordLeftSel
FN_PRINT_LAYOUT,20237,.uno:PrintLayout
FN_PRINT_PAGEPREVIEW,21253,.uno:PrintPagePreView
FN_QRY_INSERT,20386,.uno:SbaInsert
FN_QRY_INSERT_FIELD,20388,.uno:SbaInsertField
FN_QRY_MERGE,20367,.uno:MergeDialog
FN_QRY_MERGE_FIELD,20387,.uno:SbaMerge
FN_READONLY_SELECTION_MODE,20989,.uno:SelectTextMode
FN_REDLINE_ACCEPT,21829,.uno:AcceptTrackedChanges
FN_REDLINE_COMMENT,21827,.uno:CommentChangeTracking
FN_REDLINE_ON,21825,.uno:TrackChanges
FN_REDLINE_PROTECT,21823,.uno:ProtectTraceChangeMode
FN_REDLINE_SHOW,21826,.uno:ShowTrackedChanges
FN_REFRESH_VIEW,20201,.uno:RefreshView
FN_REMOVE_CUR_TOX,20655,.uno:RemoveTableOf
FN_REPAGINATE,20161,.uno:Repaginate
FN_REPEAT_SEARCH,20150,.uno:RepeatSearch
FN_RULER,20211,.uno:Ruler
FN_SBA_BRW_INSERT,21408,.uno:SwBrwInsert
FN_SBA_BRW_MERGE,21409,.uno:SwMailMerge
FN_SBA_BRW_UPDATE,21407,.uno:SwUpdate
FN_SCROLL_NAVIGATION,20240,.uno:ScrollNavigation
FN_SCROLL_NEXT_PREV,20241,.uno:ScrollNextPrev
FN_SELECT_PARA,20197,.uno:SelectText
FN_SELECT_WORD,20943,.uno:SelectWord
FN_SET_ACT_GLOSSARY,22291,.uno:SetActGlossaryGroup
FN_SET_ADD_MODE,20939,.uno:SetMultiSelection
FN_SET_EXT_MODE,20940,.uno:SetExtSelection
FN_SET_MODOPT_TBLNUMFMT,20252,.uno:TableNumberRecognition
FN_SET_PAGE_STYLE,20493,.uno:PageStyleApply
FN_SET_SUB_SCRIPT,20412,.uno:SubScript
FN_SET_SUPER_SCRIPT,20411,.uno:SuperScript
FN_SHADOWCURSOR,22204,.uno:ShadowCursor
FN_SHIFT_BACKSPACE,20942,.uno:ShiftBackspace
FN_SHOW_BOOKVIEW,21255,.uno:ShowBookview
FN_SHOW_MULTIPLE_PAGES,21252,.uno:ShowMultiplePages
FN_SHOW_TWO_PAGES,21251,.uno:ShowTwoPages
FN_SHRINK_FONT_SIZE,20404,.uno:Shrink
FN_SORTING_DLG,20614,.uno:SortDialog
FN_START_DOC_DIRECT,20978,.uno:JumpToStartOfDoc
FN_START_OF_COLUMN,20917,.uno:GoToStartOfColumn
FN_START_OF_DOCUMENT,20907,.uno:GoToStartOfDoc
FN_START_OF_DOCUMENT_SEL,20807,.uno:StartOfDocumentSel
FN_START_OF_LINE,20905,.uno:GoToStartOfLine
FN_START_OF_LINE_SEL,20805,.uno:StartOfLineSel
FN_START_OF_NEXT_COLUMN,20951,.uno:GoToStartOfNextColumn
FN_START_OF_NEXT_PAGE,20909,.uno:GoToStartOfNextPage
FN_START_OF_NEXT_PAGE_SEL,20809,.uno:GoToStartOfNextPageSel
FN_START_OF_PAGE,20913,.uno:GoToStartOfPage
FN_START_OF_PAGE_SEL,20813,.uno:GoToStartOfPageSel
FN_START_OF_PARA,20919,.uno:GoToStartOfPara
FN_START_OF_PARA_SEL,20819,.uno:StartOfParaSel
FN_START_OF_PREV_COLUMN,20953,.uno:GoToStartOfPrevColumn
FN_START_OF_PREV_PAGE,20911,.uno:GoToStartOfPrevPage
FN_START_OF_PREV_PAGE_SEL,20811,.uno:GoToStartOfPrevPageSel
FN_START_TABLE,20947,.uno:GoToStartOfTable
FN_STAT_BOOKMARK,21188,.uno:StateBookmark
FN_STAT_HYPERLINKS,21186,.uno:ExecHyperlinks
FN_STAT_PAGE,21181,.uno:StatePageNumber
FN_STAT_SELMODE,21185,.uno:SelectionMode
FN_STAT_TEMPLATE,21182,.uno:PageStyleName
FN_STAT_ZOOM,21183,.uno:StateZoom
FN_SYNC_LABELS,21743,.uno:SynchronizeLabelsDlg
FN_TABLE_ADJUST_CELLS,20521,.uno:SetOptimalColumnWidth
FN_TABLE_AUTOSUM,20595,.uno:AutoSum
FN_TABLE_BALANCE_CELLS,20582,.uno:DistributeColumns
FN_TABLE_BALANCE_ROWS,20583,.uno:DistributeRows
FN_TABLE_DELETE_COL,20504,.uno:DeleteColumns
FN_TABLE_DELETE_ROW,20503,.uno:DeleteRows
FN_TABLE_DELETE_TABLE,20529,.uno:DeleteTable
FN_TABLE_HEADLINE_REPEAT,20520,.uno:HeadingRowsRepeat
FN_TABLE_INSERT_COL,20502,.uno:InsertColumns
FN_TABLE_INSERT_COL_DLG,20542,.uno:InsertColumnDialog
FN_TABLE_INSERT_ROW,20501,.uno:InsertRows
FN_TABLE_INSERT_ROW_DLG,20543,.uno:InsertRowDialog
FN_TABLE_MERGE_CELLS,20506,.uno:MergeCells
FN_TABLE_MERGE_TABLE,21752,.uno:MergeTable
FN_TABLE_MODE_FIX,20589,.uno:TableModeFix
FN_TABLE_MODE_FIX_PROP,20590,.uno:TableModeFixProp
FN_TABLE_MODE_VARIABLE,20591,.uno:TableModeVariable
FN_TABLE_OPTIMAL_HEIGHT,20528,.uno:SetOptimalRowHeight
FN_TABLE_ROW_SPLIT,21753,.uno:RowSplit
FN_TABLE_SELECT_ALL,20515,.uno:SelectTable
FN_TABLE_SELECT_CELL,20530,.uno:EntireCell
FN_TABLE_SELECT_COL,20514,.uno:EntireColumn
FN_TABLE_SELECT_ROW,20513,.uno:EntireRow
FN_TABLE_SET_COL_WIDTH,20508,.uno:SetColumnWidth
FN_TABLE_SET_READ_ONLY_CELLS,20517,.uno:Protect
FN_TABLE_SET_ROW_HEIGHT,20507,.uno:SetRowHeight
FN_TABLE_SORT_DIALOG,20533,.uno:TableSort
FN_TABLE_SPLIT_CELLS,20505,.uno:SplitCell
FN_TABLE_SPLIT_TABLE,21742,.uno:SplitTable
FN_TABLE_UNSET_READ_ONLY,20559,.uno:ResetTableProtection
FN_TABLE_UNSET_READ_ONLY_CELLS,20519,.uno:UnsetCellsReadOnly
FN_TABLE_VERT_BOTTOM,20587,.uno:CellVertBottom
FN_TABLE_VERT_CENTER,20586,.uno:CellVertCenter
FN_TABLE_VERT_NONE,20585,.uno:CellVertTop
FN_THESAURUS_DLG,20603,.uno:ThesaurusDialog
FN_TOOL_ANKER,20349,.uno:ToggleAnchorType
FN_TOOL_ANKER_AT_CHAR,21412,.uno:SetAnchorAtChar
FN_TOOL_ANKER_CHAR,20384,.uno:SetAnchorToChar
FN_TOOL_ANKER_FRAME,20366,.uno:SetAnchorToFrame
FN_TOOL_ANKER_PAGE,20350,.uno:SetAnchorToPage
FN_TOOL_ANKER_PARAGRAPH,20351,.uno:SetAnchorToPara
FN_TOOL_HIERARCHIE,20352,.uno:ToggleObjectLayer
FN_TO_FOOTER,20961,.uno:JumpToFooter
FN_TO_FOOTNOTE_AREA,20963,.uno:JumpToFootnoteArea
FN_TO_HEADER,20960,.uno:JumpToHeader
FN_TXTATR_INET,21029,.uno:HyperlinkAttributes
FN_UNDERLINE_DOUBLE,20405,.uno:UnderlineDouble
FN_UPDATE_ALL,21828,.uno:UpdateAll
FN_UPDATE_ALL_LINKS,21824,.uno:UpdateAllLinks
FN_UPDATE_CHARTS,21834,.uno:UpdateCharts
FN_UPDATE_CUR_TOX,20654,.uno:UpdateCurIndex
FN_UPDATE_FIELDS,20126,.uno:UpdateFields
FN_UPDATE_INPUTFIELDS,20143,.uno:UpdateInputFields
FN_UPDATE_TOX,20653,.uno:UpdateAllIndexes
FN_VIEW_BOUNDS,20214,.uno:ViewBounds
FN_VIEW_FIELDNAME,20226,.uno:Fieldnames
FN_VIEW_FIELDS,20215,.uno:Fields
FN_VIEW_GRAPHIC,20213,.uno:Graphic
FN_VIEW_HIDDEN_PARA,20242,.uno:ShowHiddenParagraphs
FN_VIEW_MARKS,20225,.uno:Marks
FN_VIEW_META_CHARS,20224,.uno:ControlCodes
FN_VIEW_TABLEGRID,20227,.uno:TableBoundaries
FN_VLINEAL,20216,.uno:VRuler
FN_VSCROLLBAR,20217,.uno:VScroll
FN_WORDCOUNT_DIALOG,22298,.uno:WordCountDialog
FN_WRAP_ANCHOR_ONLY,20581,.uno:WrapAnchorOnly
FN_XFORMS_DESIGN_MODE,22300,.uno:SwitchXFormsDesignMode
FN_XFORMS_INIT,21053,.uno:NewXForms
SID_3D_ASSIGN,10647,.uno:Assign3D
SID_3D_CONE,27299,.uno:Cone
SID_3D_CUBE,27296,.uno:Cube
SID_3D_CYLINDER,27298,.uno:Cylinder
SID_3D_HALF_SPHERE,27313,.uno:HalfSphere
SID_3D_INIT,10646,.uno:Init3D
SID_3D_PYRAMID,27300,.uno:Cyramid
SID_3D_SHELL,27311,.uno:Shell3D
SID_3D_SPHERE,27297,.uno:Sphere
SID_3D_STATE,10645,.uno:State3D
SID_3D_TORUS,27312,.uno:Torus
SID_3D_WIN,10644,.uno:Window3D
SID_ABOUT,5301,.uno:About
SID_ACTIONMODE,27060,.uno:ActionMode
SID_ACTIVATE,5525,.uno:Activate
SID_ACTIVE_OBJ_NAME,26655,.uno:SelectedObjectName
SID_ADDONHELP,6684,.uno:AddonHelp
SID_ADDONS,6678,.uno:Addons
SID_ADDRESS_DATA_SOURCE,10934,.uno:AutoPilotAddressDataSource
SID_ADD_IN_MANAGER,26313,.uno:AddInManager
SID_ADD_PRINTAREA,26651,.uno:AddPrintArea
SID_ALIGNBLOCK,26374,.uno:AlignBlock
SID_ALIGNBOTTOM,26376,.uno:AlignBottom
SID_ALIGNCENTERHOR,26373,.uno:AlignHorizontalCenter
SID_ALIGNCENTERVER,26377,.uno:AlignVCenter
SID_ALIGNCURSOR,26550,.uno:GoToCurrentCell
SID_ALIGNLEFT,26371,.uno:AlignLeft
SID_ALIGNRIGHT,26372,.uno:AlignRight
SID_ALIGNTOP,26375,.uno:AlignTop
SID_ALIGN_ANY_BOTTOM,11008,.uno:CommonAlignBottom
SID_ALIGN_ANY_HCENTER,11003,.uno:CommonAlignHorizontalCenter
SID_ALIGN_ANY_HDEFAULT,11009,.uno:CommonAlignHorizontalDefault
SID_ALIGN_ANY_JUSTIFIED,11005,.uno:CommonAlignJustified
SID_ALIGN_ANY_LEFT,11002,.uno:CommonAlignLeft
SID_ALIGN_ANY_RIGHT,11004,.uno:CommonAlignRight
SID_ALIGN_ANY_TOP,11006,.uno:CommonAlignTop
SID_ALIGN_ANY_VCENTER,11007,.uno:CommonAlignVerticalCenter
SID_ALIGN_ANY_VDEFAULT,11010,.uno:CommonAlignVerticalDefault
SID_ANCHOR_CELL,26411,.uno:SetAnchorToCell
SID_ANCHOR_PAGE,26410,.uno:SetAnchorToPage
SID_ANCHOR_TOGGLE,26412,.uno:ToggleAnchorType
SID_ANIMATION_EFFECTS,27063,.uno:AnimationEffects
SID_ANIMATION_OBJECTS,27062,.uno:AnimationObjects
SID_ANIMATOR_ADD,27110,.uno:AnimatorAddObject
SID_ANIMATOR_CREATE,27111,.uno:AnimatorCreateObject
SID_ANIMATOR_INIT,27294,.uno:AnimatorInit
SID_ANIMATOR_STATE,27112,.uno:AnimatorState
SID_ATTRIBUTES_AREA,10142,.uno:FormatArea
SID_ATTRIBUTES_LINE,10143,.uno:FormatLine
SID_ATTR_ALIGN_DEGREES,10577,.uno:AlignmentRotation
SID_ATTR_ALIGN_HOR_JUSTIFY,10226,.uno:HorizontalJustification
SID_ATTR_ALIGN_HYPHENATION,10931,.uno:AlignmentHyphenation
SID_ATTR_ALIGN_INDENT,10460,.uno:AlignmentIndent
SID_ATTR_ALIGN_LINEBREAK,10230,.uno:WrapText
SID_ATTR_ALIGN_LOCKPOS,10578,.uno:AlignmentRotationMode
SID_ATTR_ALIGN_MARGIN,10228,.uno:AlignmentMargin
SID_ATTR_ALIGN_STACKED,10229,.uno:AlignmentStacked
SID_ATTR_ALIGN_VER_JUSTIFY,10227,.uno:VerticalJustification
SID_ATTR_AUTO_COLOR_INVALID,10933,.uno:AutoColorInvalid
SID_ATTR_BORDER,10187,.uno:SetBorderStyle
SID_ATTR_BORDER_INNER,10023,.uno:BorderInner
SID_ATTR_BORDER_OUTER,10024,.uno:BorderOuter
SID_ATTR_BORDER_SHADOW,10025,.uno:BorderShadow
SID_ATTR_BRUSH,10001,.uno:BackgroundPattern
SID_ATTR_BRUSH_CHAR,10591,.uno:CharacterBackgroundPattern
SID_ATTR_BRUSH_ROW,10368,.uno:TableRowBackground
SID_ATTR_BRUSH_TABLE,10453,.uno:TableBackground
SID_ATTR_CHAR,10006,.uno:Text
SID_ATTR_CHAR_AUTOKERN,10067,.uno:PairKerning
SID_ATTR_CHAR_CASEMAP,10019,.uno:CaseMap
SID_ATTR_CHAR_CJK_FONT,10887,.uno:CharFontNameCJK
SID_ATTR_CHAR_CJK_FONTHEIGHT,10888,.uno:FontHeightCJK
SID_ATTR_CHAR_CJK_LANGUAGE,10889,.uno:DocumentLanguageCJK
SID_ATTR_CHAR_CJK_POSTURE,10890,.uno:ItalicCJK
SID_ATTR_CHAR_CJK_WEIGHT,10891,.uno:BoldCJK
SID_ATTR_CHAR_COLOR,10017,.uno:Color
SID_ATTR_CHAR_COLOR2,10537,.uno:FontColor
SID_ATTR_CHAR_COLOR_BACKGROUND,10489,.uno:BackColor
SID_ATTR_CHAR_COLOR_BACKGROUND_EXT,10490,.uno:CharBackgroundExt
SID_ATTR_CHAR_COLOR_EXT,10488,.uno:CharColorExt
SID_ATTR_CHAR_CONTOUR,10012,.uno:OutlineFont
SID_ATTR_CHAR_CTL_FONT,10892,.uno:CharFontNameCTL
SID_ATTR_CHAR_CTL_FONTHEIGHT,10893,.uno:FontHeightCTL
SID_ATTR_CHAR_CTL_LANGUAGE,10894,.uno:DocumentLanguageCTL
SID_ATTR_CHAR_CTL_POSTURE,10895,.uno:ItalicCTL
SID_ATTR_CHAR_CTL_WEIGHT,10896,.uno:BoldCTL
SID_ATTR_CHAR_EMPHASISMARK,10899,.uno:EmphasisMark
SID_ATTR_CHAR_ESCAPEMENT,10021,.uno:Escapement
SID_ATTR_CHAR_FONT,10007,.uno:CharFontName
SID_ATTR_CHAR_FONTLIST,10022,.uno:FontNameList
SID_ATTR_CHAR_KERNING,10018,.uno:Spacing
SID_ATTR_CHAR_LANGUAGE,10020,.uno:Language
SID_ATTR_CHAR_LATIN_FONT,10994,.uno:CharFontNameLatin
SID_ATTR_CHAR_LATIN_FONTHEIGHT,10995,.uno:FontHeighLatin
SID_ATTR_CHAR_LATIN_LANGUAGE,10996,.uno:LanguageLatin
SID_ATTR_CHAR_LATIN_POSTURE,10997,.uno:ItalicLatin
SID_ATTR_CHAR_LATIN_WEIGHT,10998,.uno:BoldLatin
SID_ATTR_CHAR_POSTURE,10008,.uno:Italic
SID_ATTR_CHAR_RELIEF,10920,.uno:CharacterRelief
SID_ATTR_CHAR_ROTATED,10910,.uno:CharacterRotation
SID_ATTR_CHAR_SCALEWIDTH,10911,.uno:CharacterWidthScalingFactor
SID_ATTR_CHAR_SHADOWED,10010,.uno:Shadowed
SID_ATTR_CHAR_STRIKEOUT,10013,.uno:Strikeout
SID_ATTR_CHAR_UNDERLINE,10014,.uno:Underline
SID_ATTR_CHAR_WEIGHT,10009,.uno:Bold
SID_ATTR_CHAR_WORDLINEMODE,10011,.uno:WordMode
SID_ATTR_DEFTABSTOP,12014,.uno:DefTabStop
SID_ATTR_FILL_BITMAP,10168,.uno:FillBitmap
SID_ATTR_FILL_COLOR,10165,.uno:FillColor
SID_ATTR_FILL_GRADIENT,10166,.uno:FillGradient
SID_ATTR_FILL_HATCH,10167,.uno:FillHatch
SID_ATTR_FILL_SHADOW,10299,.uno:FillShadow
SID_ATTR_FILL_STYLE,10164,.uno:FillStyle
SID_ATTR_FLASH,10406,.uno:Flash
SID_ATTR_GRAF_BLUE,10867,.uno:GrafBlue
SID_ATTR_GRAF_CONTRAST,10864,.uno:GrafContrast
SID_ATTR_GRAF_CROP,10883,.uno:GrafAttrCrop
SID_ATTR_GRAF_GAMMA,10868,.uno:GrafGamma
SID_ATTR_GRAF_GREEN,10866,.uno:GrafGreen
SID_ATTR_GRAF_INVERT,10870,.uno:GrafInvert
SID_ATTR_GRAF_LUMINANCE,10863,.uno:GrafLuminance
SID_ATTR_GRAF_MODE,10871,.uno:GrafMode
SID_ATTR_GRAF_RED,10865,.uno:GrafRed
SID_ATTR_GRAF_TRANSPARENCE,10869,.uno:GrafTransparence
SID_ATTR_INSERT,10221,.uno:InsertMode
SID_ATTR_LANGUAGE,12007,.uno:DocumentLanguage
SID_ATTR_LINEEND_STYLE,10301,.uno:LineEndStyle
SID_ATTR_LINE_COLOR,10172,.uno:XLineColor
SID_ATTR_LINE_DASH,10170,.uno:LineDash
SID_ATTR_LINE_STYLE,10169,.uno:XLineStyle
SID_ATTR_LINE_WIDTH,10171,.uno:LineWidth
SID_ATTR_LONG_LRSPACE,10285,.uno:SetLongLeftRightMargin
SID_ATTR_LONG_ULSPACE,10284,.uno:SetLongTopBottomMargin
SID_ATTR_LRSPACE,10048,.uno:LeftRightMargin
SID_ATTR_METRIC,12008,.uno:MetricUnit
SID_ATTR_NUMBERFORMAT_VALUE,10085,.uno:NumberFormatValue
SID_ATTR_PAGE,10050,.uno:AttributePage
SID_ATTR_PAGE_MAXSIZE,10052,.uno:SetPageMaxSize
SID_ATTR_PAGE_PAPERBIN,10054,.uno:PagePaperBin
SID_ATTR_PAGE_SIZE,10051,.uno:AttributePageSize
SID_ATTR_PARA_ADJUST,10027,.uno:Alignment
SID_ATTR_PARA_ADJUST_BLOCK,10031,.uno:JustifyPara
SID_ATTR_PARA_ADJUST_CENTER,10030,.uno:CenterPara
SID_ATTR_PARA_ADJUST_LEFT,10028,.uno:LeftPara
SID_ATTR_PARA_ADJUST_RIGHT,10029,.uno:RightPara
SID_ATTR_PARA_HYPHENZONE,10038,.uno:SetHyphenZone
SID_ATTR_PARA_KEEP,10066,.uno:ParaKeepTogether
SID_ATTR_PARA_LEFT_TO_RIGHT,10950,.uno:ParaLeftToRight
SID_ATTR_PARA_LINESPACE,10033,.uno:LineSpacing
SID_ATTR_PARA_LINESPACE_10,10034,.uno:SpacePara1
SID_ATTR_PARA_LINESPACE_15,10035,.uno:SpacePara15
SID_ATTR_PARA_LINESPACE_20,10036,.uno:SpacePara2
SID_ATTR_PARA_LRSPACE,10043,.uno:LeftRightParaMargin
SID_ATTR_PARA_LRSPACE_VERTICAL,10947,.uno:LeftRightParaMargin_Vertical
SID_ATTR_PARA_MODEL,10065,.uno:AttributeParaModel
SID_ATTR_PARA_NUMRULE,10587,.uno:NumRule
SID_ATTR_PARA_ORPHANS,10040,.uno:Orphan
SID_ATTR_PARA_PAGEBREAK,10037,.uno:Pagebreak
SID_ATTR_PARA_PAGENUM,10457,.uno:PageNumber
SID_ATTR_PARA_REGISTER,10413,.uno:RegisterTrue
SID_ATTR_PARA_RIGHT_TO_LEFT,10951,.uno:ParaRightToLeft
SID_ATTR_PARA_SPLIT,10039,.uno:ParaSplit
SID_ATTR_PARA_WIDOWS,10041,.uno:Widow
SID_ATTR_POSITION,10223,.uno:Position
SID_ATTR_SIZE,10224,.uno:Size
SID_ATTR_TABLE,10217,.uno:InsertSpreadsheet
SID_ATTR_TABSTOP,10002,.uno:Tabstops
SID_ATTR_TABSTOP_VERTICAL,10946,.uno:TabstopsVertical
SID_ATTR_TEXT_FITTOSIZE,10367,.uno:TextFitToSize
SID_ATTR_TRANSFORM,10087,.uno:TransformDialog
SID_ATTR_ULSPACE,10049,.uno:TopBottomMargin
SID_ATTR_UNDO_COUNT,12016,.uno:UndoCount
SID_ATTR_YEAR2000,12087,.uno:Year2000
SID_ATTR_ZOOM,10000,.uno:Zoom
SID_AUTOFILTER_HIDE,26341,.uno:DataFilterHideAutoFilter
SID_AUTOFORMAT,10242,.uno:AutoFormat
SID_AUTOHIDE,5932,.uno:AutoHide
SID_AUTOPILOTMENU,6381,.uno:AutoPilotMenu
SID_AUTOSPELL_CHECK,12021,.uno:SpellOnline
SID_AUTOSPELL_MARKOFF,12022,.uno:HideSpellMark
SID_AUTO_CORRECT_DLG,10424,.uno:AutoCorrectDlg
SID_AUTO_FILTER,26325,.uno:DataFilterAutoFilter
SID_AUTO_OUTLINE,26333,.uno:AutoOutline
SID_AUTO_STYLE,26128,.uno:AutoStyle
SID_AVAILABLE_TOOLBARS,6698,.uno:AvailableToolbars
SID_AVMEDIA_PLAYER,6694,.uno:AVMediaPlayer
SID_AVMEDIA_TOOLBOX,6693,.uno:AVMediaToolBox
SID_BACKGROUND_COLOR,10185,.uno:BackgroundColor
SID_BACKGROUND_PATTERN,10186,.uno:BackgroundPatternController
SID_BACKSPACE,5714,.uno:Backspace
SID_BACKTOWEBTOP,6657,.uno:BackToWebtop
SID_BASICBREAK,6521,.uno:BasicBreak
SID_BASICCHOOSER,5959,.uno:MacroDialog
SID_BASICCOMPILE,5954,.uno:CompileBasic
SID_BASICIDE_ADDWATCH,30769,.uno:AddWatch
SID_BASICIDE_APPEAR,30783,.uno:BasicIDEAppear
SID_BASICIDE_BRKPNTSCHANGED,30804,.uno:BreakPointsChanged
SID_BASICIDE_CHOOSEMACRO,30770,.uno:ChooseMacro
SID_BASICIDE_CREATEMACRO,30772,.uno:CreateMacro
SID_BASICIDE_DELETECURRENT,30790,.uno:DeleteCurrent
SID_BASICIDE_EDITMACRO,30771,.uno:EditMacro
SID_BASICIDE_HIDECURPAGE,30778,.uno:HideCurPage
SID_BASICIDE_LIBLOADED,30795,.uno:LibLoaded
SID_BASICIDE_LIBREMOVED,30796,.uno:LibRemoved
SID_BASICIDE_LIBSELECTED,30786,.uno:LibSelect
SID_BASICIDE_LIBSELECTOR,30787,.uno:LibSelector
SID_BASICIDE_MANAGEBRKPNTS,30810,.uno:ManageBreakPoints
SID_BASICIDE_MATCHGROUP,30782,.uno:MatchGroup
SID_BASICIDE_MODULEDLG,30773,.uno:ModuleDialog
SID_BASICIDE_NAMECHANGEDONTAB,30779,.uno:NameChangedOnTab
SID_BASICIDE_NEWDIALOG,30788,.uno:NewDialog
SID_BASICIDE_NEWJAVAMODULE,30809,.uno:NewJavaModule
SID_BASICIDE_NEWMODULE,30789,.uno:NewModule
SID_BASICIDE_OBJCAT,30774,.uno:ObjectCatalog
SID_BASICIDE_REMOVEWATCH,30775,.uno:RemoveWatch
SID_BASICIDE_RENAMECURRENT,30791,.uno:RenameCurrent
SID_BASICIDE_SBXDELETED,30792,.uno:SbxDeleted
SID_BASICIDE_SBXINSERTED,30793,.uno:SbxInserted
SID_BASICIDE_SBXRENAMED,30794,.uno:SbxRenamed
SID_BASICIDE_SHOWSBX,30777,.uno:ShowSbx
SID_BASICIDE_SHOWWINDOW,30812,.uno:BasicIDEShowWindow
SID_BASICIDE_STAT_DATE,30807,.uno:StatusGetDate
SID_BASICIDE_STAT_POS,30806,.uno:StatusGetPosition
SID_BASICIDE_STAT_TITLE,30808,.uno:StatusGetTitle
SID_BASICIDE_STOREALLMODULESOURCES,30784,.uno:StoreAllModuleSources
SID_BASICIDE_STOREMODULESOURCE,30781,.uno:StoreModuleSource
SID_BASICIDE_TOGGLEBRKPNT,30768,.uno:ToggleBreakPoint
SID_BASICIDE_TOGGLEBRKPNTENABLED,30811,.uno:ToggleBreakPointEnabled
SID_BASICIDE_UPDATEALLMODULESOURCES,30785,.uno:UpdateAllModuleSources
SID_BASICIDE_UPDATEMODULESOURCE,30780,.uno:UpdateModuleSource
SID_BASICLOAD,5951,.uno:LoadBasic
SID_BASICRUN,5955,.uno:RunBasic
SID_BASICSAVEAS,5953,.uno:SaveBasicAs
SID_BASICSTEPINTO,5956,.uno:BasicStepInto
SID_BASICSTEPOUT,5963,.uno:BasicStepOut
SID_BASICSTEPOVER,5957,.uno:BasicStepOver
SID_BASICSTOP,5958,.uno:BasicStop
SID_BEFORE_OBJ,27326,.uno:BeforeObject
SID_BEHIND_OBJ,27116,.uno:BehindObject
SID_BEZIERTO,27252,.uno:BezierTo
SID_BEZIER_APPEND,10124,.uno:BezierAppend
SID_BEZIER_CLOSE,10122,.uno:BezierClose
SID_BEZIER_CONVERT,27065,.uno:BezierConvert
SID_BEZIER_CUTLINE,10127,.uno:BezierCutLine
SID_BEZIER_DELETE,10120,.uno:BezierDelete
SID_BEZIER_EDGE,27066,.uno:BezierEdge
SID_BEZIER_EDIT,10126,.uno:ToggleObjectBezierMode
SID_BEZIER_ELIMINATE_POINTS,27030,.uno:BezierEliminatePoints
SID_BEZIER_INSERT,10119,.uno:BezierInsert
SID_BEZIER_MOVE,10121,.uno:BezierMove
SID_BEZIER_SMOOTH,10123,.uno:BezierSmooth
SID_BEZIER_SYMMTR,27067,.uno:BezierSymmetric
SID_BIG_HANDLES,27168,.uno:BigHandles
SID_BITMAP_LIST,10182,.uno:BitmapListState
SID_BMPMASK,10350,.uno:BmpMask
SID_BMPMASK_EXEC,10353,.uno:BmpMaskExec
SID_BMPMASK_PIPETTE,10351,.uno:BmpMaskPipette
SID_BORDER_OBJECT,10340,.uno:Border
SID_BORDER_REDUCED_MODE,11055,.uno:BorderReducedMode
SID_BREAK,27094,.uno:Break
SID_BROWSER,6318,.uno:Beamer
SID_BROWSER_MODE,6313,.uno:BrowseView
SID_BROWSE_BACKWARD,6301,.uno:BrowseBackward
SID_BROWSE_FORWARD,6300,.uno:BrowseForward
SID_BROWSE_STOP,6302,.uno:Stop
SID_BUILD_VERSION,6569,.uno:BuildVersion
SID_BULLET,27019,.uno:Bullet
SID_CANCEL,26557,.uno:Cancel
SID_CAPTION,5641,.uno:Caption
SID_CAPTUREPOINT,27038,.uno:CapturePoint
SID_CELL_FORMAT_RESET,26067,.uno:ResetAttributes
SID_CHANGEBEZIER,27036,.uno:ChangeBezier
SID_CHANGEPOLYGON,27037,.uno:ChangePolygon
SID_CHANGE_PRINTAREA,26604,.uno:ChangePrintArea
SID_CHARMAP,10503,.uno:InsertSymbol
SID_CHART_ADDSOURCE,26127,.uno:AddChartData
SID_CHART_SOURCE,26125,.uno:ChangeChartData
SID_CHAR_DLG,10296,.uno:FontDialog
SID_CHECK_KEY,6605,.uno:CheckKey
SID_CHG_PROTECT,26084,.uno:ProtectTraceChangeMode
SID_CHINESE_CONVERSION,11016,.uno:ChineseConversion
SID_CHOOSE_CONTROLS,10144,.uno:ChooseControls
SID_CHOOSE_DESIGN,26082,.uno:ChooseDesign
SID_CHOOSE_POLYGON,10162,.uno:ChoosePolygon
SID_CLEARHISTORY,5703,.uno:ClearHistory
SID_CLEARMEMCACHE,6316,.uno:ClearMemCache
SID_CLICK_CHANGE_ROTATION,27170,.uno:ClickChangeRotation
SID_CLIPBOARD_FORMAT_ITEMS,10922,.uno:ClipboardFormatItems
SID_CLOSEDOC,5503,.uno:CloseDoc
SID_CLOSEDOCS,5595,.uno:CloseDocs
SID_CLOSEWIN,5621,.uno:CloseWin
SID_CLOSEWINS,5605,.uno:CloseWins
SID_CLOSE_MASTER_VIEW,27434,.uno:CloseMasterView
SID_CLOSING,6539,.uno:Closing
SID_COLORVIEW,27257,.uno:ColorView
SID_COLOR_CONTROL,10417,.uno:ColorControl
SID_COLOR_SETTINGS,11044,.uno:ColorSettings
SID_COLOR_TABLE,10179,.uno:ColorTableState
SID_COMBINE,27026,.uno:Combine
SID_COMP_BIBLIOGRAPHY,10880,.uno:BibliographyComponent
SID_CONFIG,5904,.uno:ConfigureDialog
SID_CONFIGACCEL,5925,.uno:LoadAccel
SID_CONFIGEVENT,5926,.uno:LoadEvents
SID_CONFIGMENU,5924,.uno:LoadMenu
SID_CONFIGSTATUSBAR,5921,.uno:LoadStatusBar
SID_CONNECT,27093,.uno:Connect
SID_CONNECTION_DLG,27338,.uno:ConnectorAttributes
SID_CONNECTION_NEW_ROUTING,27341,.uno:NewRouting
SID_CONNECTOR_ARROWS,27121,.uno:ConnectorArrows
SID_CONNECTOR_ARROW_END,27120,.uno:ConnectorArrowEnd
SID_CONNECTOR_ARROW_START,27119,.uno:ConnectorArrowStart
SID_CONNECTOR_CIRCLES,27124,.uno:ConnectorCircles
SID_CONNECTOR_CIRCLE_END,27123,.uno:ConnectorCircleEnd
SID_CONNECTOR_CIRCLE_START,27122,.uno:ConnectorCircleStart
SID_CONNECTOR_CURVE,27132,.uno:ConnectorCurve
SID_CONNECTOR_CURVE_ARROWS,27135,.uno:ConnectorCurveArrows
SID_CONNECTOR_CURVE_ARROW_END,27134,.uno:ConnectorCurveArrowEnd
SID_CONNECTOR_CURVE_ARROW_START,27133,.uno:ConnectorCurveArrowStart
SID_CONNECTOR_CURVE_CIRCLES,27138,.uno:ConnectorCurveCircles
SID_CONNECTOR_CURVE_CIRCLE_END,27137,.uno:ConnectorCurveCircleEnd
SID_CONNECTOR_CURVE_CIRCLE_START,27136,.uno:ConnectorCurveCircleStart
SID_CONNECTOR_LINE,27125,.uno:ConnectorLine
SID_CONNECTOR_LINES,27139,.uno:ConnectorLines
SID_CONNECTOR_LINES_ARROWS,27142,.uno:ConnectorLinesArrows
SID_CONNECTOR_LINES_ARROW_END,27141,.uno:ConnectorLinesArrowEnd
SID_CONNECTOR_LINES_ARROW_START,27140,.uno:ConnectorLinesArrowStart
SID_CONNECTOR_LINES_CIRCLES,27145,.uno:ConnectorLinesCircles
SID_CONNECTOR_LINES_CIRCLE_END,27144,.uno:ConnectorLinesCircleEnd
SID_CONNECTOR_LINES_CIRCLE_START,27143,.uno:ConnectorLinesCircleStart
SID_CONNECTOR_LINE_ARROWS,27128,.uno:ConnectorLineArrows
SID_CONNECTOR_LINE_ARROW_END,27127,.uno:ConnectorLineArrowEnd
SID_CONNECTOR_LINE_ARROW_START,27126,.uno:ConnectorLineArrowStart
SID_CONNECTOR_LINE_CIRCLES,27131,.uno:ConnectorLineCircles
SID_CONNECTOR_LINE_CIRCLE_END,27130,.uno:ConnectorLineCircleEnd
SID_CONNECTOR_LINE_CIRCLE_START,27129,.uno:ConnectorLineCircleStart
SID_CONSOLIDATE,26340,.uno:ConsolidateExec
SID_CONTEXT,5310,.uno:Context
SID_CONTOUR_DLG,10334,.uno:ContourDialog
SID_CONTOUR_EXEC,10335,.uno:ContourExecute
SID_CONVERT_TO_1BIT_MATRIX,27162,.uno:ConvertTo1BitMatrix
SID_CONVERT_TO_1BIT_THRESHOLD,27161,.uno:ConvertTo1BitThreshold
SID_CONVERT_TO_3D,10648,.uno:ConvertInto3D
SID_CONVERT_TO_3D_LATHE,27008,.uno:ConvertInto3DLathe
SID_CONVERT_TO_3D_LATHE_FAST,10649,.uno:ConvertInto3DLatheFast
SID_CONVERT_TO_4BIT_COLORS,27164,.uno:ConvertTo4BitColors
SID_CONVERT_TO_4BIT_GRAYS,27163,.uno:ConvertTo4BitGrays
SID_CONVERT_TO_8BIT_COLORS,27166,.uno:ConvertTo8BitColors
SID_CONVERT_TO_8BIT_GRAYS,27165,.uno:ConvertTo8BitGrays
SID_CONVERT_TO_24BIT,27167,.uno:ConvertToTrueColor
SID_CONVERT_TO_BITMAP,27378,.uno:ConvertIntoBitmap
SID_CONVERT_TO_CONTOUR,27381,.uno:convert_to_contour
SID_CONVERT_TO_METAFILE,27379,.uno:ConvertIntoMetaFile
SID_COPY,5711,.uno:Copy
SID_COPYOBJECTS,27004,.uno:CopyObjects
SID_CRASH,6645,.uno:Crash
SID_CREATELINK,6309,.uno:AddBookmark
SID_CREATE_BASICOBJECT,6555,.uno:NewObject
SID_CREATE_SW_DRAWVIEW,10860,.uno:CreateSWDrawView
SID_CTLFONT_STATE,10956,.uno:CTLFontState
SID_CURRENTCELL,26041,.uno:GoToCell
SID_CURRENTDATE,5312,.uno:CurrentDate
SID_CURRENTDOC,26043,.uno:GotoDocument
SID_CURRENTOBJECT,26044,.uno:GoToObject
SID_CURRENTTAB,26042,.uno:JumpToTable
SID_CURRENTTIME,5311,.uno:CurrentTime
SID_CURRENT_URL,6613,.uno:CurrentURL
SID_CURSORBLKDOWN,26536,.uno:GoDownToEndOfData
SID_CURSORBLKDOWN_SEL,26540,.uno:GoDownToEndOfDataSel
SID_CURSORBLKLEFT,26537,.uno:GoLeftToStartOfData
SID_CURSORBLKLEFT_SEL,26541,.uno:GoLeftToStartOfDataSel
SID_CURSORBLKRIGHT,26538,.uno:GoRightToEndOfData
SID_CURSORBLKRIGHT_SEL,26542,.uno:GoRightToEndOfDataSel
SID_CURSORBLKUP,26535,.uno:GoUpToStartOfData
SID_CURSORBLKUP_SEL,26539,.uno:GoUpToStartOfDataSel
SID_CURSORDOWN,5731,.uno:GoDown
SID_CURSORDOWN_SEL,26521,.uno:GoDownSel
SID_CURSOREND,5746,.uno:GoToEndOfRow
SID_CURSORENDOFFILE,5741,.uno:GoToEndOfData
SID_CURSORENDOFFILE_SEL,26532,.uno:GoToEndOfDataSel
SID_CURSORENDOFSCREEN,5743,.uno:CursorEndOfScreen
SID_CURSOREND_SEL,26534,.uno:GoToEndOfRowSel
SID_CURSORENTERDOWN,26559,.uno:JumpToNextCell
SID_CURSORENTERUP,26558,.uno:JumpToPreviousCell
SID_CURSORHOME,5745,.uno:GoToStartOfRow
SID_CURSORHOME_SEL,26533,.uno:GoToStartOfRowSel
SID_CURSORLEFT,5733,.uno:GoLeft
SID_CURSORLEFT_SEL,26523,.uno:GoLeftSel
SID_CURSORPAGEDOWN,5735,.uno:GoDownBlock
SID_CURSORPAGEDOWN_SEL,26525,.uno:GoDownBlockSel
SID_CURSORPAGELEFT,5738,.uno:GoLeftBlock
SID_CURSORPAGELEFT_,26527,.uno:GoLeftBlock
SID_CURSORPAGELEFT_SEL,26528,.uno:GoLeftBlockSel
SID_CURSORPAGERIGHT_,26529,.uno:GoRightBlock
SID_CURSORPAGERIGHT_SEL,26530,.uno:GoRightBlockSel
SID_CURSORPAGEUP,5736,.uno:GoUpBlock
SID_CURSORPAGEUP_SEL,26526,.uno:GoUpBlockSel
SID_CURSORRIGHT,5734,.uno:GoRight
SID_CURSORRIGHT_SEL,26524,.uno:GoRightSel
SID_CURSORTOPOFFILE,5742,.uno:GoToStart
SID_CURSORTOPOFFILE_SEL,26531,.uno:GoToStartSel
SID_CURSORTOPOFSCREEN,5744,.uno:CursorTopOfScreen
SID_CURSORUP,5732,.uno:GoUp
SID_CURSORUP_SEL,26522,.uno:GoUpSel
SID_CUSTOMSHOW_DLG,27365,.uno:CustomShowDialog
SID_CUSTOM_ANIMATION_PANEL,27328,.uno:CustomAnimation
SID_CUSTOM_ANIMATION_SCHEMES_PANEL,27333,.uno:CustomAnimationSchemes
SID_CUT,5710,.uno:Cut
SID_DASH,27267,.uno:Dash
SID_DASH_LIST,10183,.uno:DashListState
SID_DATA_SELECT,26610,.uno:DataSelect
SID_DEC_INDENT,10461,.uno:DecrementIndent
SID_DEFAULTFILEPATH,5571,.uno:DefaultFilePath
SID_DEFINE_COLROWNAMERANGES,26629,.uno:DefineLabelRange
SID_DEFINE_DBNAME,26320,.uno:DefineDBName
SID_DEFINE_PRINTAREA,26602,.uno:DefinePrintArea
SID_DELETE,5713,.uno:Delete
SID_DELETE_BASICOBJECT,6556,.uno:ReleaseObject
SID_DELETE_CONTENTS,26553,.uno:ClearContents
SID_DELETE_FRAME,5652,.uno:DeleteFrame
SID_DELETE_LAYER,27081,.uno:DeleteLayer
SID_DELETE_MASTER_PAGE,27432,.uno:DeleteMasterPage
SID_DELETE_PAGE,27080,.uno:DeletePage
SID_DELETE_PRINTAREA,26603,.uno:DeletePrintArea
SID_DELETE_SCENARIO,26666,.uno:DeleteScenario
SID_DELETE_SNAPITEM,27108,.uno:DeleteSnapItem
SID_DEL_COLS,26237,.uno:DeleteColumns
SID_DEL_ROWS,26236,.uno:DeleteRows
SID_DETECTIVE_ADD_ERR,26460,.uno:ShowErrors
SID_DETECTIVE_ADD_PRED,26456,.uno:ShowPrecedents
SID_DETECTIVE_ADD_SUCC,26458,.uno:ShowDependents
SID_DETECTIVE_AUTO,26471,.uno:AutoRefreshArrows
SID_DETECTIVE_DEL_ALL,26461,.uno:ClearArrows
SID_DETECTIVE_DEL_PRED,26457,.uno:ClearArrowPrecedents
SID_DETECTIVE_DEL_SUCC,26459,.uno:ClearArrowDependents
SID_DETECTIVE_FILLMODE,26462,.uno:AuditingFillMode
SID_DETECTIVE_INVALID,26469,.uno:ShowInvalid
SID_DETECTIVE_REFRESH,26470,.uno:RefreshArrows
SID_DIALOG_TESTMODE,10199,.uno:TestMode
SID_DIAMODE,27011,.uno:DiaMode
SID_DIRECTEXPORTDOCASPDF,6674,.uno:ExportDirectToPDF
SID_DISMANTLE,27082,.uno:Dismantle
SID_DISTRIBUTE_DLG,5683,.uno:DistributeSelection
SID_DOCFULLNAME,5581,.uno:FullName
SID_DOCINFO,5535,.uno:SetDocumentProperties
SID_DOCINFO_AUTHOR,5593,.uno:Author
SID_DOCINFO_COMMENTS,5592,.uno:Comments
SID_DOCINFO_KEYWORDS,5591,.uno:Keywords
SID_DOCINFO_TITLE,5557,.uno:DocInfoTitle
SID_DOCPATH,5582,.uno:DocPath
SID_DOCTEMPLATE,5538,.uno:SaveAsTemplate
SID_DOCTITLE,5583,.uno:Title
SID_DOCUMENT_COMPARE,6586,.uno:CompareDocuments
SID_DOCUMENT_MERGE,6587,.uno:MergeDocuments
SID_DOC_LOADING,5585,.uno:IsLoading
SID_DOC_MODIFIED,5584,.uno:ModifiedStatus
SID_DOC_READONLY,5590,.uno:ReadOnly
SID_DOC_SAVED,5599,.uno:Saved
SID_DOUBLECLICK_TEXTEDIT,27169,.uno:DoubleClickTextEdit
SID_DP_FILTER,26091,.uno:DataPilotFilter
SID_DRAWINGMODE,27009,.uno:DrawingMode
SID_DRAWTBX_3D_OBJECTS,27295,.uno:Objects3DToolbox
SID_DRAWTBX_ARROWS,27171,.uno:ArrowsToolbox
SID_DRAWTBX_CONNECTORS,27028,.uno:ConnectorToolbox
SID_DRAWTBX_CS_ARROW,11049,.uno:ArrowShapes
SID_DRAWTBX_CS_BASIC,11047,.uno:BasicShapes
SID_DRAWTBX_CS_CALLOUT,11051,.uno:CalloutShapes
SID_DRAWTBX_CS_FLOWCHART,11050,.uno:FlowChartShapes
SID_DRAWTBX_CS_STAR,11052,.uno:StarShapes
SID_DRAWTBX_CS_SYMBOL,11048,.uno:SymbolShapes
SID_DRAWTBX_ELLIPSES,10400,.uno:EllipseToolbox
SID_DRAWTBX_INSERT,27318,.uno:InsertToolbox
SID_DRAWTBX_LINES,10401,.uno:LineToolbox
SID_DRAWTBX_RECTANGLES,10399,.uno:RectangleToolbox
SID_DRAWTBX_TEXT,10398,.uno:TextToolbox
SID_DRAWTEXT_ATTR_DLG,26297,.uno:TextAttributes
SID_DRAW_ARC,10114,.uno:Arc
SID_DRAW_BEZIER_FILL,10118,.uno:BezierFill
SID_DRAW_BEZIER_NOFILL,10397,.uno:Bezier_Unfilled
SID_DRAW_CAPTION,10254,.uno:DrawCaption
SID_DRAW_CAPTION_VERTICAL,10906,.uno:VerticalCaption
SID_DRAW_CHART,26071,.uno:DrawChart
SID_DRAW_CIRCLE,10385,.uno:Circle
SID_DRAW_CIRCLEARC,10390,.uno:CircleArc
SID_DRAW_CIRCLECUT,10115,.uno:CircleCut
SID_DRAW_CIRCLECUT_NOFILL,10391,.uno:CircleCut_Unfilled
SID_DRAW_CIRCLEPIE,10388,.uno:CirclePie
SID_DRAW_CIRCLEPIE_NOFILL,10389,.uno:CirclePie_Unfilled
SID_DRAW_CIRCLE_NOFILL,10386,.uno:Circle_Unfilled
SID_DRAW_CS_ID,11053,.uno:CustomShape
SID_DRAW_ELLIPSE,10110,.uno:Ellipse
SID_DRAW_ELLIPSECUT,10392,.uno:EllipseCut
SID_DRAW_ELLIPSECUT_NOFILL,10393,.uno:EllipseCut_Unfilled
SID_DRAW_ELLIPSE_NOFILL,10384,.uno:Ellipse_Unfilled
SID_DRAW_FONTWORK,10987,.uno:DrawFontwork
SID_DRAW_FONTWORK_VERTICAL,10988,.uno:DrawFontworkVertical
SID_DRAW_FREELINE,10463,.uno:Freeline
SID_DRAW_FREELINE_NOFILL,10464,.uno:Freeline_Unfilled
SID_DRAW_LINE,10102,.uno:Line
SID_DRAW_MEASURELINE,27051,.uno:MeasureLine
SID_DRAW_NOTEEDIT,26081,.uno:DrawEditNote
SID_DRAW_PIE,10112,.uno:Pie
SID_DRAW_PIE_NOFILL,10387,.uno:Pie_Unfilled
SID_DRAW_POLYGON,10117,.uno:Polygon
SID_DRAW_POLYGON_NOFILL,10395,.uno:Polygon_Unfilled
SID_DRAW_RECT,10104,.uno:Rect
SID_DRAW_RECT_NOFILL,10378,.uno:Rect_Unfilled
SID_DRAW_RECT_ROUND,10105,.uno:Rect_Rounded
SID_DRAW_RECT_ROUND_NOFILL,10379,.uno:Rect_Rounded_Unfilled
SID_DRAW_SELECT,10255,.uno:DrawSelect
SID_DRAW_SQUARE,10380,.uno:Square
SID_DRAW_SQUARE_NOFILL,10382,.uno:Square_Unfilled
SID_DRAW_SQUARE_ROUND,10381,.uno:Square_Rounded
SID_DRAW_SQUARE_ROUND_NOFILL,10383,.uno:Square_Rounded_Unfilled
SID_DRAW_TEXT,10253,.uno:DrawText
SID_DRAW_TEXT_MARQUEE,10465,.uno:Text_Marquee
SID_DRAW_TEXT_VERTICAL,10905,.uno:VerticalText
SID_DRAW_XLINE,10103,.uno:Line_Diagonal
SID_DRAW_XPOLYGON,10394,.uno:Polygon_Diagonal
SID_DRAW_XPOLYGON_NOFILL,10396,.uno:Polygon_Diagonal_Unfilled
SID_DSBROWSER_EXPLORER,10764,.uno:DSBrowserExplorer
SID_DUPLICATE_PAGE,27342,.uno:DuplicatePage
SID_EDITDOC,6312,.uno:EditDoc
SID_EDIT_FRAMESET,5646,.uno:EditFrameSet
SID_EDIT_HYPERLINK,27382,.uno:EditHyperlink
SID_EDIT_OUTLINER,27044,.uno:EditOutline
SID_EDIT_SCENARIO,26667,.uno:EditScenario
SID_ENABLE_HYPHENATION,26087,.uno:Hyphenate
SID_ENTER_GROUP,27096,.uno:EnterGroup
SID_ENTER_STRING,26476,.uno:EnterString
SID_EURO_CONVERTER,26083,.uno:EuroConverter
SID_EXPAND_PAGE,27343,.uno:ExpandPage
SID_EXPORTDOC,5829,.uno:ExportTo
SID_EXPORTDOCASPDF,6673,.uno:ExportToPDF
SID_EXTENDEDHELP,5402,.uno:ExtendedHelp
SID_EXTERNAL_SOURCE,26085,.uno:InsertExternalDataSource
SID_EXTRUSION_3D_COLOR,10969,.uno:Extrusion3DColor
SID_EXTRUSION_DEPTH,10970,.uno:ExtrusionDepth
SID_EXTRUSION_DEPTH_DIALOG,10976,.uno:ExtrusionDepthDialog
SID_EXTRUSION_DEPTH_FLOATER,10965,.uno:ExtrusionDepthFloater
SID_EXTRUSION_DIRECTION,10971,.uno:ExtrusionDirection
SID_EXTRUSION_DIRECTION_FLOATER,10966,.uno:ExtrusionDirectionFloater
SID_EXTRUSION_LIGHTING_DIRECTION,10973,.uno:ExtrusionLightingDirection
SID_EXTRUSION_LIGHTING_FLOATER,10967,.uno:ExtrusionLightingFloater
SID_EXTRUSION_LIGHTING_INTENSITY,10974,.uno:ExtrusionLightingIntensity
SID_EXTRUSION_PROJECTION,10972,.uno:ExtrusionProjection
SID_EXTRUSION_SURFACE,10975,.uno:ExtrusionSurface
SID_EXTRUSION_SURFACE_FLOATER,10968,.uno:ExtrusionSurfaceFloater
SID_EXTRUSION_TILT_DOWN,10961,.uno:ExtrusionTiltDown
SID_EXTRUSION_TILT_LEFT,10963,.uno:ExtrusionTiltLeft
SID_EXTRUSION_TILT_RIGHT,10964,.uno:ExtrusionTiltRight
SID_EXTRUSION_TILT_UP,10962,.uno:ExtrusionTiltUp
SID_EXTRUSION_TOOGLE,10960,.uno:ExtrusionToggle
SID_FILE_NAME,5507,.uno:FileName
SID_FILLFRAME,6516,.uno:GetFrameWindow
SID_FILL_ADD_PRED,26463,.uno:FillModeTracePredescessor
SID_FILL_ADD_SUCC,26465,.uno:FillModeTraceSuccessor
SID_FILL_DEL_PRED,26464,.uno:FillModeRemovePredescessor
SID_FILL_DEL_SUCC,26466,.uno:FillModeRemoveSuccessor
SID_FILL_DRAFT,27147,.uno:FillDraft
SID_FILL_NONE,26467,.uno:FillModeEnd
SID_FILL_SELECT,26468,.uno:FillModeSelect
SID_FILTER,26323,.uno:DataFilterStandardFilter
SID_FM_ADDTABLE,10722,.uno:AddTable
SID_FM_ADD_FIELD,10623,.uno:AddField
SID_FM_AUTOCONTROLFOCUS,10763,.uno:AutoControlFocus
SID_FM_AUTOFILTER,10716,.uno:AutoFilter
SID_FM_CHANGECONTROLTYPE,10733,.uno:ChangeControlType
SID_FM_CHECKBOX,10596,.uno:CheckBox
SID_FM_COMBOBOX,10601,.uno:ComboBox
SID_FM_CONFIG,10593,.uno:Config
SID_FM_CONVERTTO_BUTTON,10735,.uno:ConvertToButton
SID_FM_CONVERTTO_CHECKBOX,10738,.uno:ConvertToCheckBox
SID_FM_CONVERTTO_COMBOBOX,10741,.uno:ConvertToCombo
SID_FM_CONVERTTO_CURRENCY,10748,.uno:ConvertToCurrency
SID_FM_CONVERTTO_DATE,10745,.uno:ConvertToDate
SID_FM_CONVERTTO_EDIT,10734,.uno:ConvertToEdit
SID_FM_CONVERTTO_FILECONTROL,10744,.uno:ConvertToFileControl
SID_FM_CONVERTTO_FIXEDTEXT,10736,.uno:ConvertToFixed
SID_FM_CONVERTTO_FORMATTED,10751,.uno:ConvertToFormatted
SID_FM_CONVERTTO_GROUPBOX,10740,.uno:ConvertToGroup
SID_FM_CONVERTTO_IMAGEBUTTON,10743,.uno:ConvertToImageBtn
SID_FM_CONVERTTO_IMAGECONTROL,10750,.uno:ConvertToImageControl
SID_FM_CONVERTTO_LISTBOX,10737,.uno:ConvertToList
SID_FM_CONVERTTO_NAVIGATIONBAR,10772,.uno:ConvertToNavigationBar
SID_FM_CONVERTTO_NUMERIC,10747,.uno:ConvertToNumeric
SID_FM_CONVERTTO_PATTERN,10749,.uno:ConvertToPattern
SID_FM_CONVERTTO_RADIOBUTTON,10739,.uno:ConvertToRadio
SID_FM_CONVERTTO_SCROLLBAR,10770,.uno:ConvertToScrollBar
SID_FM_CONVERTTO_SPINBUTTON,10771,.uno:ConvertToSpinButton
SID_FM_CONVERTTO_TIME,10746,.uno:ConvertToTime
SID_FM_COUNTALL,10717,.uno:CountAll
SID_FM_CREATE_CONTROL,10628,.uno:CreateControl
SID_FM_CREATE_FIELDCONTROL,10765,.uno:CreateFieldControl
SID_FM_CTL_PROPERTIES,10613,.uno:ControlProperties
SID_FM_CURRENCYFIELD,10707,.uno:CurrencyField
SID_FM_DATANAVIGATOR_CONTROL,10774,.uno:FmDataNavigatorController
SID_FM_DATEFIELD,10704,.uno:DateField
SID_FM_DBGRID,10603,.uno:Grid
SID_FM_DESIGN_MODE,10629,.uno:SwitchControlDesignMode
SID_FM_EDIT,10599,.uno:Edit
SID_FM_EXECUTE,10721,.uno:SbaExecuteSql
SID_FM_FIELDS_CONTROL,10634,.uno:FieldController
SID_FM_FILECONTROL,10605,.uno:FileControl
SID_FM_FILTERCRIT,10715,.uno:FilterCrit
SID_FM_FILTER_EXECUTE,10731,.uno:FormFilterExecute
SID_FM_FILTER_EXIT,10730,.uno:FormFilterExit
SID_FM_FILTER_NAVIGATOR,10732,.uno:FormFilterNavigator
SID_FM_FILTER_NAVIGATOR_CONTROL,10752,.uno:FmFilterNavigatorController
SID_FM_FILTER_REMOVE,10762,.uno:RemoveFilter
SID_FM_FILTER_START,10729,.uno:FormFilter
SID_FM_FIXEDTEXT,10597,.uno:Label
SID_FM_FMEXPLORER_CONTROL,10637,.uno:FmExplorerController
SID_FM_FORMATTEDFIELD,10728,.uno:FormattedField
SID_FM_FORM_DESIGN_TOOLS,11046,.uno:FormDesignTools
SID_FM_FORM_FILTERED,10723,.uno:FormFiltered
SID_FM_GRABCONTROLFOCUS,10767,.uno:GrabControlFocus
SID_FM_GROUPBOX,10598,.uno:GroupBox
SID_FM_IMAGEBUTTON,10604,.uno:Imagebutton
SID_FM_IMAGECONTROL,10710,.uno:ImageControl
SID_FM_LEAVE_CREATE,10726,.uno:LeaveFMCreateMode
SID_FM_LISTBOX,10600,.uno:ListBox
SID_FM_MORE_CONTROLS,11045,.uno:MoreControls
SID_FM_NATIVESQL,10720,.uno:SbaNativeSql
SID_FM_NAVIGATIONBAR,10607,.uno:NavigationBar
SID_FM_NUMERICFIELD,10706,.uno:NumericField
SID_FM_OPEN_READONLY,10709,.uno:OpenReadOnly
SID_FM_ORDERCRIT,10714,.uno:OrderCrit
SID_FM_PATTERNFIELD,10708,.uno:PatternField
SID_FM_PROPERTIES,10614,.uno:FormProperties
SID_FM_PROPERTY_CONTROL,10636,.uno:PropertyController
SID_FM_PUSHBUTTON,10594,.uno:Pushbutton
SID_FM_RADIOBUTTON,10595,.uno:RadioButton
SID_FM_RECORD_ABSOLUTE,10622,.uno:AbsoluteRecord
SID_FM_RECORD_DELETE,10621,.uno:DeleteRecord
SID_FM_RECORD_FIRST,10616,.uno:FirstRecord
SID_FM_RECORD_FROM_TEXT,10625,.uno:RecFromText
SID_FM_RECORD_LAST,10619,.uno:LastRecord
SID_FM_RECORD_NEW,10620,.uno:NewRecord
SID_FM_RECORD_NEXT,10617,.uno:NextRecord
SID_FM_RECORD_PREV,10618,.uno:PrevRecord
SID_FM_RECORD_SAVE,10627,.uno:RecSave
SID_FM_RECORD_TEXT,10624,.uno:RecText
SID_FM_RECORD_TOTAL,10626,.uno:RecTotal
SID_FM_RECORD_UNDO,10630,.uno:RecUndo
SID_FM_REFRESH,10724,.uno:Refresh
SID_FM_REMOVE_FILTER_SORT,10711,.uno:RemoveFilterSort
SID_FM_SCROLLBAR,10768,.uno:ScrollBar
SID_FM_SEARCH,10725,.uno:RecSearch
SID_FM_SHOW_DATANAVIGATOR,10773,.uno:ShowDataNavigator
SID_FM_SHOW_FMEXPLORER,10633,.uno:ShowFmExplorer
SID_FM_SHOW_PROPERTIES,10635,.uno:ShowProperties
SID_FM_SHOW_PROPERTY_BROWSER,10703,.uno:ShowPropertyBrowser
SID_FM_SORTDOWN,10713,.uno:SortDown
SID_FM_SORTUP,10712,.uno:Sortup
SID_FM_SPINBUTTON,10769,.uno:SpinButton
SID_FM_TAB_DIALOG,10615,.uno:TabDialog
SID_FM_TIMEFIELD,10705,.uno:TimeField
SID_FM_USE_WIZARDS,10727,.uno:UseWizards
SID_FM_VIEW_AS_GRID,10761,.uno:ViewFormAsGrid
SID_FOCUSURLBOX,6406,.uno:FocusUrlBox
SID_FOCUS_INPUTLINE,26089,.uno:FocusInputLine
SID_FONTWORK,10256,.uno:FontWork
SID_FONTWORK_ALIGNMENT,10984,.uno:FontworkAlignment
SID_FONTWORK_ALIGNMENT_FLOATER,10981,.uno:FontworkAlignmentFloater
SID_FONTWORK_CHARACTER_SPACING,10985,.uno:FontworkCharacterSpacing
SID_FONTWORK_CHARACTER_SPACING_DIALOG,11054,.uno:FontworkCharacterSpacingDialog
SID_FONTWORK_CHARACTER_SPACING_FLOATER,10982,.uno:FontworkCharacterSpacingFloater
SID_FONTWORK_GALLERY_FLOATER,10977,.uno:FontworkGalleryFloater
SID_FONTWORK_KERN_CHARACTER_PAIRS,10986,.uno:FontworkKernCharacterPairs
SID_FONTWORK_SAME_LETTER_HEIGHTS,10980,.uno:FontworkSameLetterHeights
SID_FONTWORK_SHAPE,10983,.uno:FontworkShape
SID_FONTWORK_SHAPE_TYPE,10979,.uno:FontworkShapeType
SID_FONTWORK_SHAPE_TYPES,10978,.uno:FontworkShapeTypes
SID_FORMATMENU,5780,.uno:FormatMenu
SID_FORMATMENUSTATE,5791,.uno:FormatMenuState
SID_FORMATPAGE,26295,.uno:PageFormatDialog
SID_FORMATPAINTBRUSH,5715,.uno:PersistentCopy
SID_FORMTEXT_ADJUST,10258,.uno:FontWorkTextAdjust
SID_FORMTEXT_DISTANCE,10259,.uno:FontWorkTextDistance
SID_FORMTEXT_HIDEFORM,10268,.uno:FormatFontWorkClose
SID_FORMTEXT_MIRROR,10261,.uno:FontWorkTextMirror
SID_FORMTEXT_OUTLINE,10262,.uno:FontWorkTextOutline
SID_FORMTEXT_SHADOW,10263,.uno:FontWorkTextShadow
SID_FORMTEXT_SHDWCOLOR,10264,.uno:FontWorkTextShadowColor
SID_FORMTEXT_SHDWXVAL,10265,.uno:FontWorkTextShadowXVal
SID_FORMTEXT_SHDWYVAL,10266,.uno:FontWorkTextShadowYVal
SID_FORMTEXT_START,10260,.uno:FontWorkTextStart
SID_FORMTEXT_STDFORM,10267,.uno:FontWorkTextClearAttributes
SID_FORMTEXT_STYLE,10257,.uno:FontWorkTextStyle
SID_FRAMECOUNT,6510,.uno:FrameCount
SID_FRAMESPACING,6507,.uno:FrameSpacing
SID_FRAMETITLE,5668,.uno:FrameTitle
SID_FRAME_CONTENT,5826,.uno:FrameContent
SID_FRAME_DOWN,26408,.uno:ObjectBackOne
SID_FRAME_LINECOLOR,10201,.uno:FrameLineColor
SID_FRAME_LINESTYLE,10200,.uno:LineStyle
SID_FRAME_NAME,5825,.uno:FrameName
SID_FRAME_TO_BOTTOM,10287,.uno:SendToBack
SID_FRAME_TO_TOP,10286,.uno:BringToFront
SID_FRAME_UP,26407,.uno:ObjectForwardOne
SID_GALLERY,5960,.uno:Gallery
SID_GALLERY_BG_BRUSH,10279,.uno:BackgroundImage
SID_GALLERY_ENABLE_ADDCOPY,10276,.uno:GalleryEnableAddCopy
SID_GALLERY_FORMATS,10280,.uno:InsertGalleryPic
SID_GETBLUE,27260,.uno:GetBlue
SID_GETFILLSTYLE,27271,.uno:GetFillStyle
SID_GETGREEN,27261,.uno:GetGreen
SID_GETLINESTYLE,27272,.uno:GetLineStyle
SID_GETLINEWIDTH,27273,.uno:GetLineWidth
SID_GETRED,27259,.uno:GetRed
SID_GETREDOSTRINGS,10924,.uno:GetRedoStrings
SID_GETUNDOSTRINGS,10923,.uno:GetUndoStrings
SID_GET_CLPBRD_FORMAT_BY_IDX,26669,.uno:GetClipboardFormat
SID_GET_CLPBRD_FORMAT_COUNT,26668,.uno:GetClipboardFormatCount
SID_GET_CLPBRD_FORMAT_NAME,26670,.uno:GetClipboardFormatName
SID_GET_COLORTABLE,10441,.uno:GetColorTable
SID_GLUE_EDITMODE,27301,.uno:GlueEditMode
SID_GLUE_ESCDIR,27304,.uno:GlueEscapeDirection
SID_GLUE_ESCDIR_BOTTOM,27317,.uno:GlueEscapeDirectionBottom
SID_GLUE_ESCDIR_LEFT,27314,.uno:GlueEscapeDirectionLeft
SID_GLUE_ESCDIR_RIGHT,27315,.uno:GlueEscapeDirectionRight
SID_GLUE_ESCDIR_TOP,27316,.uno:GlueEscapeDirectionTop
SID_GLUE_HORZALIGN_CENTER,27305,.uno:GlueHorzAlignCenter
SID_GLUE_HORZALIGN_LEFT,27306,.uno:GlueHorzAlignLeft
SID_GLUE_HORZALIGN_RIGHT,27307,.uno:GlueHorzAlignRight
SID_GLUE_INSERT_POINT,27302,.uno:GlueInsertPoint
SID_GLUE_PERCENT,27303,.uno:GluePercent
SID_GLUE_VERTALIGN_BOTTOM,27310,.uno:GlueVertAlignBottom
SID_GLUE_VERTALIGN_CENTER,27308,.uno:GlueVertAlignCenter
SID_GLUE_VERTALIGN_TOP,27309,.uno:GlueVertAlignTop
SID_GRADIENT,27264,.uno:Gradient
SID_GRADIENT_LIST,10180,.uno:GradientListState
SID_GRAPHIC_DRAFT,27146,.uno:GraphicDraft
SID_GRAPHIC_EXPORT,27073,.uno:GraphicExport
SID_GRFFILTER,10469,.uno:GraphicFilterToolbox
SID_GRFFILTER_EMBOSS,10476,.uno:GraphicFilterRelief
SID_GRFFILTER_INVERT,10470,.uno:GraphicFilterInvert
SID_GRFFILTER_MOSAIC,10475,.uno:GraphicFilterMosaic
SID_GRFFILTER_POPART,10478,.uno:GraphicFilterPopart
SID_GRFFILTER_POSTER,10477,.uno:GraphicFilterPoster
SID_GRFFILTER_REMOVENOISE,10473,.uno:GraphicFilterRemoveNoise
SID_GRFFILTER_SEPIA,10479,.uno:GraphicFilterSepia
SID_GRFFILTER_SHARPEN,10472,.uno:GraphicFilterSharpen
SID_GRFFILTER_SMOOTH,10471,.uno:GraphicFilterSmooth
SID_GRFFILTER_SOBEL,10474,.uno:GraphicFilterSobel
SID_GRFFILTER_SOLARIZE,10480,.uno:GraphicFilterSolarize
SID_GRID_FRONT,27323,.uno:GridFront
SID_GRID_USE,27154,.uno:GridUse
SID_GRID_VISIBLE,27322,.uno:GridVisible
SID_GROUP,10454,.uno:FormatGroup
SID_HANDLES_DRAFT,27150,.uno:HandlesDraft
SID_HANDOUTMODE,27070,.uno:HandoutMode
SID_HANDOUT_MASTERPAGE,27349,.uno:HandoutMasterPage
SID_HANGUL_HANJA_CONVERSION,10959,.uno:HangulHanjaConversion
SID_HATCH,27270,.uno:Hatch
SID_HATCH_LIST,10181,.uno:HatchListState
SID_HEADER_AND_FOOTER,27407,.uno:HeaderAndFooter
SID_HELP,5405,.uno:Help
SID_HELPBALLOONS,5403,.uno:ActiveHelp
SID_HELPINDEX,5401,.uno:HelpIndex
SID_HELPLINES_FRONT,27325,.uno:HelplinesFront
SID_HELPLINES_MOVE,27153,.uno:HelplinesMove
SID_HELPLINES_USE,27152,.uno:HelplinesUse
SID_HELPLINES_VISIBLE,27324,.uno:HelplinesVisible
SID_HELPMENU,5410,.uno:HelpMenu
SID_HELPONHELP,5400,.uno:HelpOnHelp
SID_HELPTIPS,5404,.uno:HelpTip
SID_HELP_ANNOTATE,5413,.uno:HelpAnnotate
SID_HELP_BOOKMARK,5414,.uno:HelpBookmark
SID_HELP_DOWNLOAD,5415,.uno:HelpDownload
SID_HELP_HELPFILEBOX,5419,.uno:HelpChooseFile
SID_HELP_PI,5962,.uno:HelperDialog
SID_HELP_SEARCH,5412,.uno:HelpSearch
SID_HELP_SUPPORTPAGE,6683,.uno:HelpSupport
SID_HELP_TUTORIALS,6695,.uno:HelpTutorials
SID_HELP_ZOOMIN,5417,.uno:HelpZoomIn
SID_HELP_ZOOMOUT,5418,.uno:HelpZoomOut
SID_HFEDIT,26235,.uno:EditHeaderAndFooter
SID_HIDE_SLIDE,10161,.uno:HideSlide
SID_HORIZONTAL,27035,.uno:MirrorHorz
SID_HTML_MODE,10414,.uno:HtmlMode
SID_HYPERLINK_DIALOG,5678,.uno:HyperlinkDialog
SID_HYPERLINK_GETLINK,10361,.uno:Hyperlink
SID_HYPERLINK_INSERT,10360,.uno:InsertHyperlink
SID_HYPERLINK_SETLINK,10362,.uno:SetHyperlink
SID_HYPHENATION,27340,.uno:Hyphenation
SID_H_ALIGNCELL,26380,.uno:HorizontalAlignment
SID_IMAGE_ORIENTATION,6667,.uno:ImageOrientation
SID_IMAP,10371,.uno:ImageMapDialog
SID_IMAP_EXEC,10374,.uno:ImageMapExecute
SID_IMG_LOADING,5586,.uno:IsLoadingImages
SID_IMPORT_DATA,26335,.uno:DataImport
SID_INC_INDENT,10462,.uno:IncrementIndent
SID_INET_DLG,10416,.uno:InternetDialog
SID_INSERTDOC,5532,.uno:InsertDoc
SID_INSERTFILE,27015,.uno:ImportFromFile
SID_INSERTLAYER,27043,.uno:InsertLayer
SID_INSERTPAGE,27014,.uno:InsertPage
SID_INSERTPAGE_QUICK,27352,.uno:InsertPageQuick
SID_INSERT_AVMEDIA,6696,.uno:InsertAVMedia
SID_INSERT_CHECKBOX,10148,.uno:Checkbox
SID_INSERT_COMBOBOX,10192,.uno:Combobox
SID_INSERT_CURRENCYFIELD,10939,.uno:InsertCurrencyField
SID_INSERT_DATEFIELD,10936,.uno:AddDateField
SID_INSERT_DATE_TIME,27412,.uno:InsertDateAndTime
SID_INSERT_DIAGRAM,10140,.uno:InsertObjectChart
SID_INSERT_DRAW,10244,.uno:InsertDraw
SID_INSERT_EDIT,10190,.uno:InsertEdit
SID_INSERT_FILECONTROL,10942,.uno:InsertFileControl
SID_INSERT_FIXEDTEXT,10188,.uno:InsertFixedText
SID_INSERT_FLD_AUTHOR,27364,.uno:InsertAuthorField
SID_INSERT_FLD_DATE_FIX,27358,.uno:InsertDateFieldFix
SID_INSERT_FLD_DATE_VAR,27357,.uno:InsertDateFieldVar
SID_INSERT_FLD_FILE,27363,.uno:InsertFileField
SID_INSERT_FLD_PAGE,27361,.uno:InsertPageField
SID_INSERT_FLD_TIME_FIX,27360,.uno:InsertTimeFieldFix
SID_INSERT_FLD_TIME_VAR,27359,.uno:InsertTimeFieldVar
SID_INSERT_FLOATINGFRAME,5563,.uno:InsertObjectFloatingFrame
SID_INSERT_FORMATTEDFIELD,10940,.uno:InsertFormattedField
SID_INSERT_FRAME,10240,.uno:InsertTextFrame
SID_INSERT_GRAPHIC,10241,.uno:InsertGraphic
SID_INSERT_GROUPBOX,10189,.uno:Groupbox
SID_INSERT_HFIXEDLINE,10928,.uno:HFixedLine
SID_INSERT_HSCROLLBAR,10194,.uno:HScrollbar
SID_INSERT_IMAGE,27105,.uno:InsertImage
SID_INSERT_IMAGECONTROL,10926,.uno:InsertImageControl
SID_INSERT_LISTBOX,10191,.uno:InsertListbox
SID_INSERT_MASTER_PAGE,27431,.uno:InsertMasterPage
SID_INSERT_MATH,27106,.uno:InsertMath
SID_INSERT_MATRIX,26477,.uno:InsertMatrix
SID_INSERT_NUMERICFIELD,10938,.uno:InsertNumericField
SID_INSERT_OBJECT,5561,.uno:InsertObject
SID_INSERT_PAGE_NUMBER,27411,.uno:InsertPageNumber
SID_INSERT_PATTERNFIELD,10941,.uno:InsertPatternField
SID_INSERT_PLUGIN,5672,.uno:InsertPlugin
SID_INSERT_POSTIT,26276,.uno:InsertAnnotation
SID_INSERT_PREVIEW,10196,.uno:Preview
SID_INSERT_PROGRESSBAR,10927,.uno:ProgressBar
SID_INSERT_PUSHBUTTON,10146,.uno:InsertPushbutton
SID_INSERT_RADIOBUTTON,10147,.uno:Radiobutton
SID_INSERT_SELECT,10198,.uno:SelectMode
SID_INSERT_SIMAGE,26061,.uno:InsertObjectStarImage
SID_INSERT_SMATH,26063,.uno:InsertObjectStarMath
SID_INSERT_SOUND,5676,.uno:InsertSound
SID_INSERT_SPINBUTTON,10193,.uno:Spinbutton
SID_INSERT_TIMEFIELD,10937,.uno:InsertTimeField
SID_INSERT_URLBUTTON,10197,.uno:URLButton
SID_INSERT_VFIXEDLINE,10929,.uno:VFixedLine
SID_INSERT_VIDEO,5677,.uno:InsertVideo
SID_INSERT_VSCROLLBAR,10195,.uno:VScrollbar
SID_INS_FUNCTION,26270,.uno:InsertFunction
SID_INTERACTIVEMODE,5344,.uno:Interactive
SID_INTERNET_ONLINE,6370,.uno:InternetOnline
SID_INTERNET_SEARCH,6611,.uno:InternetSearch
SID_INTERNET_UPDATE,6371,.uno:InternetUpdate
SID_ISTOP,6511,.uno:IsTopWindow
SID_JUMPTOMARK,5598,.uno:JumpToMark
SID_LATEINIT_DONE,6508,.uno:LateInitDone
SID_LAYERMODE,27050,.uno:LayerMode
SID_LAYER_DIALOG_WIN,27419,.uno:LayerDialogChildWindow
SID_LEAVE_ALL_GROUPS,27345,.uno:LeaveAllGroups
SID_LEAVE_GROUP,27097,.uno:LeaveGroup
SID_LINEEND_LIST,10184,.uno:LineEndListState
SID_LINEEND_POLYGON,27071,.uno:LineEndPolygon
SID_LINETO,27251,.uno:LineTo
SID_LINE_ARROWS,27174,.uno:LineArrows
SID_LINE_ARROW_CIRCLE,27175,.uno:LineArrowCircle
SID_LINE_ARROW_END,27173,.uno:LineArrowEnd
SID_LINE_ARROW_SQUARE,27177,.uno:LineArrowSquare
SID_LINE_ARROW_START,27172,.uno:LineArrowStart
SID_LINE_CIRCLE_ARROW,27176,.uno:LineCircleArrow
SID_LINE_DRAFT,27149,.uno:LineDraft
SID_LINE_SQUARE_ARROW,27178,.uno:LineSquareArrow
SID_LINKS,26060,.uno:EditLinks
SID_LOADCONFIG,5933,.uno:LoadConfiguration
SID_LOGOUT,6652,.uno:Logout
SID_MACROORGANIZER,6691,.uno:MacroOrganizer
SID_MACRO_SIGNATURE,6704,.uno:MacroSignature
SID_MAIL_CHILDWIN,6647,.uno:MailWindow
SID_MAIL_EXPORT_FINISHED,5388,.uno:MailExportFinished
SID_MAIL_NOTIFY,5330,.uno:MailReceipt
SID_MAIL_NOTIFY_RESET,6514,.uno:MailNotifyReset
SID_MAIL_PREPAREEXPORT,5385,.uno:PrepareMailExport
SID_MAIL_SCROLLBODY_PAGEDOWN,6588,.uno:ScrollBodyPageDown
SID_MAIL_SENDDOC,5331,.uno:SendMail
SID_MAIL_SENDDOCASPDF,6672,.uno:SendMailDocAsPDF
SID_MANAGE_LINKS,27005,.uno:ManageLinks
SID_MARKAREA,26554,.uno:SelectArea
SID_MARKARRAYFORMULA,26560,.uno:SelectArrayFormula
SID_MARKDATAAREA,26551,.uno:SelectData
SID_MASTERPAGE,27053,.uno:MasterPage
SID_MASTER_LAYOUTS,27408,.uno:MasterLayouts
SID_MDIWINDOWLIST,5610,.uno:WindowList
SID_MEASURE_DLG,27320,.uno:MeasureAttributes
SID_MINIMIZED,6687,.uno:Minimized
SID_MIRROR_HORIZONTAL,26066,.uno:ObjectMirrorHorizontal
SID_MIRROR_VERTICAL,26065,.uno:ObjectMirrorVertical
SID_MODIFIED,27089,.uno:Modified
SID_MODIFYLAYER,27048,.uno:ModifyLayer
SID_MODIFYPAGE,27046,.uno:ModifyPage
SID_MODIFY_FIELD,27362,.uno:ModifyField
SID_MODIFY_FRAME,5651,.uno:ModifyFrame
SID_MOREBACK,27032,.uno:Backward
SID_MOREFRONT,27031,.uno:Forward
SID_MOVETO,27250,.uno:MoveTo
SID_NAME_GROUP,27027,.uno:NameGroup
SID_NAVIGATOR,10366,.uno:Navigator
SID_NAVIGATOR_INIT,27289,.uno:NavigatorInit
SID_NAVIGATOR_OBJECT,27293,.uno:NavigatorObject
SID_NAVIGATOR_PAGE,27292,.uno:NavigatorPage
SID_NAVIGATOR_PAGENAME,27287,.uno:NavigatorPageName
SID_NAVIGATOR_PEN,27291,.uno:NavigatorPen
SID_NAVIGATOR_STATE,27288,.uno:NavigatorState
SID_NEWDOC,5500,.uno:NewDoc
SID_NEWDOCDIRECT,5537,.uno:AddDirect
SID_NEWFRAMESET,6400,.uno:NewFrameSet
SID_NEWSD,6686,.uno:NewPresentation
SID_NEWWINDOW,5620,.uno:NewWindow
SID_NEXT_TABLE,26543,.uno:JumpToNextTable
SID_NEXT_TABLE_SEL,26561,.uno:JumpToNextTableSel
SID_NEXT_UNPROTECT,26545,.uno:JumpToNextUnprotected
SID_NOTESMODE,27069,.uno:NotesMode
SID_NOTES_MASTERPAGE,27350,.uno:NotesMasterPage
SID_NUMBER_CURRENCY,26045,.uno:NumberFormatCurrency
SID_NUMBER_DATE,26053,.uno:NumberFormatDate
SID_NUMBER_DECDEC,26058,.uno:NumberFormatDecDecimals
SID_NUMBER_FORMAT,26620,.uno:NumberFormat
SID_NUMBER_INCDEC,26057,.uno:NumberFormatIncDecimals
SID_NUMBER_PERCENT,26046,.uno:NumberFormatPercent
SID_NUMBER_SCIENTIFIC,26055,.uno:NumberFormatScientific
SID_NUMBER_STANDARD,26052,.uno:NumberFormatStandard
SID_NUMBER_TIME,26056,.uno:NumberFormatTime
SID_NUMBER_TWODEC,26054,.uno:NumberFormatDecimal
SID_OBJECT,5575,.uno:ObjectMenue
SID_OBJECTRESIZE,6000,.uno:InPlaceObjectResize
SID_OBJECT_ALIGN,10130,.uno:ObjectAlign
SID_OBJECT_ALIGN_CENTER,10132,.uno:AlignCenter
SID_OBJECT_ALIGN_DOWN,10136,.uno:AlignDown
SID_OBJECT_ALIGN_LEFT,10131,.uno:ObjectAlignLeft
SID_OBJECT_ALIGN_MIDDLE,10135,.uno:AlignMiddle
SID_OBJECT_ALIGN_RIGHT,10133,.uno:ObjectAlignRight
SID_OBJECT_ALIGN_UP,10134,.uno:AlignUp
SID_OBJECT_CHOOSE_MODE,27095,.uno:AdvancedMode
SID_OBJECT_CLOSE,27109,.uno:CloseObject
SID_OBJECT_CROOK_ROTATE,27090,.uno:CrookRotate
SID_OBJECT_CROOK_SLANT,27091,.uno:CrookSlant
SID_OBJECT_CROOK_STRETCH,27092,.uno:CrookStretch
SID_OBJECT_GRADIENT,27101,.uno:InteractiveGradient
SID_OBJECT_HEAVEN,10283,.uno:SetObjectToForeground
SID_OBJECT_HEIGHT,26659,.uno:ObjectHeight
SID_OBJECT_HELL,10282,.uno:SetObjectToBackground
SID_OBJECT_LEFT,26656,.uno:ObjectLeft
SID_OBJECT_MIRROR,27085,.uno:Mirror
SID_OBJECT_ROTATE,10129,.uno:ToggleObjectRotateMode
SID_OBJECT_SELECT,10128,.uno:SelectObject
SID_OBJECT_SHEAR,27107,.uno:Shear
SID_OBJECT_TOP,26657,.uno:ObjectTop
SID_OBJECT_TRANSPARENCE,27100,.uno:InteractiveTransparence
SID_OBJECT_WIDTH,26658,.uno:ObjectWidth
SID_OFFICE_CHECK_PLZ,6610,.uno:CheckPLZ
SID_OFFICE_COMMERCIAL_USE,6607,.uno:CommercialUse
SID_OFFICE_CUSTOMERNUMBER,6608,.uno:CustomerNumber
SID_OFFICE_PALK,6604,.uno:SetPALK
SID_OFFICE_PLK,6601,.uno:LicenceKey
SID_OFFICE_PRIVATE_USE,6606,.uno:PrivateUse
SID_OFFICE_VERSION_ID,6599,.uno:OfficeVersionId
SID_OLD_PALK,6620,.uno:OldPALK
SID_OLE_ACTIVATE,26607,.uno:ActivateOLE
SID_OLE_DEACTIVATE,26608,.uno:Deactivate
SID_OLE_OBJECT,26606,.uno:OleObject
SID_OLE_SELECT,26621,.uno:SelectOLE
SID_ONLINE_REGISTRATION,6537,.uno:OnlineRegistrationDlg
SID_ONLINE_REGISTRATION_DLG,6540,.uno:StartRegistrationDialog
SID_OPENDLG_CHART,26155,.uno:StarChartDialog
SID_OPENDLG_CONDFRMT,26159,.uno:ConditionalFormatDialog
SID_OPENDLG_CONSOLIDATE,26150,.uno:DataConsolidate
SID_OPENDLG_EDIT_PRINTAREA,26605,.uno:EditPrintArea
SID_OPENDLG_FUNCTION,26152,.uno:FunctionDialog
SID_OPENDLG_MODCHART,26158,.uno:StarChartDataDialog
SID_OPENDLG_PIVOTTABLE,26151,.uno:DataDataPilotRun
SID_OPENDLG_SOLVE,26153,.uno:GoalSeekDialog
SID_OPENDLG_TABOP,26154,.uno:TableOperationDialog
SID_OPENDOC,5501,.uno:Open
SID_OPENHYPERLINK,6676,.uno:OpenHyperlink
SID_OPENTEMPLATE,5594,.uno:OpenTemplate
SID_OPENURL,5596,.uno:OpenUrl
SID_OPEN_HYPERLINK,10955,.uno:OpenHyperlinkOnCursor
SID_OPEN_XML_FILTERSETTINGS,10958,.uno:OpenXMLFilterSettings
SID_OPTIONS,5940,.uno:Options
SID_OPTIONS_TREEDIALOG,31630,.uno:OptionsTreeDialog
SID_OPT_LOCALE_CHANGED,12094,.uno:OptionsLocaleChanged
SID_ORGANIZER,5540,.uno:Organizer
SID_ORIGINALSIZE,26413,.uno:OriginalSize
SID_ORIGINAL_SIZE,27282,.uno:OriginalSize
SID_OUTLINEMODE,27010,.uno:OutlineMode
SID_OUTLINE_BULLET,10156,.uno:OutlineBullet
SID_OUTLINE_COLLAPSE,10231,.uno:OutlineCollapse
SID_OUTLINE_COLLAPSE_ALL,10155,.uno:OutlineCollapseAll
SID_OUTLINE_DELETEALL,10234,.uno:ClearOutline
SID_OUTLINE_DOWN,10151,.uno:OutlineDown
SID_OUTLINE_EXPAND,10233,.uno:OutlineExpand
SID_OUTLINE_EXPAND_ALL,10232,.uno:OutlineExpandAll
SID_OUTLINE_FORMAT,10154,.uno:OutlineFormat
SID_OUTLINE_HIDE,26329,.uno:HideDetail
SID_OUTLINE_LEFT,10152,.uno:OutlineLeft
SID_OUTLINE_MAKE,26331,.uno:Group
SID_OUTLINE_REMOVE,26332,.uno:Ungroup
SID_OUTLINE_RIGHT,10153,.uno:OutlineRight
SID_OUTLINE_SHOW,26330,.uno:ShowDetail
SID_OUTLINE_TO_IMPRESS,10443,.uno:SendOutlineToImpress
SID_OUTLINE_UP,10150,.uno:OutlineUp
SID_OUTPUT_QUALITY_BLACKWHITE,27368,.uno:OutputQualityBlackWhite
SID_OUTPUT_QUALITY_COLOR,27366,.uno:OutputQualityColor
SID_OUTPUT_QUALITY_CONTRAST,27400,.uno:OutputQualityContrast
SID_OUTPUT_QUALITY_GRAYSCALE,27367,.uno:OutputQualityGrayscale
SID_PACKNGO,27380,.uno:PackAndGo
SID_PAGEMARGIN,27254,.uno:PageMargin
SID_PAGEMODE,27049,.uno:PageMode
SID_PAGESETUP,27002,.uno:PageSetup
SID_PAGESIZE,27253,.uno:PageSize
SID_PAGES_PER_ROW,27284,.uno:PagesPerRow
SID_PARASPACE_DECREASE,27347,.uno:ParaspaceDecrease
SID_PARASPACE_INCREASE,27346,.uno:ParaspaceIncrease
SID_PARA_DLG,10297,.uno:ParagraphDialog
SID_PARA_VERTALIGN,10925,.uno:VerticalParagraphAlignment
SID_PARTWIN,6640,.uno:PartWindow
SID_PASTE,5712,.uno:Paste
SID_PASTE2,27003,.uno:PasteClipboard
SID_PICK1,5511,.uno:_PickEntry1
SID_PICK2,5512,.uno:_PickEntry2
SID_PICK3,5513,.uno:_PickEntry3
SID_PICK4,5514,.uno:_PickEntry4
SID_PICK5,5515,.uno:_PickEntry5
SID_PICK6,5516,.uno:_PickEntry6
SID_PICK7,5517,.uno:_PickEntry7
SID_PICK8,5518,.uno:_PickEntry8
SID_PICK9,5519,.uno:_PickEntry9
SID_PICKLIST,5510,.uno:PickList
SID_PICK_THROUGH,27159,.uno:PickThrough
SID_PIVOT_CREATE,26660,.uno:DataPilotCreate
SID_PIVOT_GET,26665,.uno:DataPilotTables
SID_PIVOT_KILL,26315,.uno:DeletePivotTable
SID_PIVOT_RECALC,26314,.uno:RecalcPivotTable
SID_PIVOT_TABLE,26337,.uno:DataPilotExec
SID_PIXELMODE,27021,.uno:PixelMode
SID_PLUGINS_ACTIVE,6314,.uno:PlugInsActive
SID_POLYGON_MORPHING,27319,.uno:Morphing
SID_POLY_FORMEN,5682,.uno:PolyFormen
SID_POLY_INTERSECT,5681,.uno:Intersect
SID_POLY_MERGE,5679,.uno:Merge
SID_POLY_SUBSTRACT,5680,.uno:Substract
SID_POSITION,27022,.uno:ObjectPosition
SID_PRESENTATION,10157,.uno:Presentation
SID_PRESENTATIONOBJECT,27113,.uno:ModifyPresentationObject
SID_PRESENTATION_DLG,27339,.uno:PresentationDialog
SID_PRESENTATION_END,27018,.uno:PresentationEnd
SID_PRESENTATION_LAYOUT,27064,.uno:PresentationLayout
SID_PREVIEW_CLOSE,26503,.uno:ClosePreview
SID_PREVIEW_FIRST,26498,.uno:FirstPage
SID_PREVIEW_LAST,26499,.uno:LastPage
SID_PREVIEW_NEXT,26496,.uno:NextPage
SID_PREVIEW_PREVIOUS,26497,.uno:PreviousPage
SID_PREVIEW_QUALITY_BLACKWHITE,,.uno:PreviewQualityBlackWhite
SID_PREVIEW_QUALITY_COLOR,,.uno:PreviewQualityColor
SID_PREVIEW_QUALITY_CONTRAST,,.uno:PreviewQualityContrast
SID_PREVIEW_QUALITY_GRAYSCALE,,.uno:PreviewQualityGrayscale
SID_PREVIEW_STATE,27329,.uno:PreviewState
SID_PREVIEW_WIN,27327,.uno:PreviewWindow
SID_PREVIEW_ZOOMIN,26501,.uno:ZoomIn
SID_PREVIEW_ZOOMOUT,26502,.uno:ZoomOut
SID_PREV_TABLE,26544,.uno:JumpToPrevTable
SID_PREV_TABLE_SEL,26562,.uno:JumpToPrevTableSel
SID_PREV_UNPROTECT,26546,.uno:JumpToPreviousUnprotected
SID_PRINTDOC,5504,.uno:Print
SID_PRINTDOCDIRECT,5509,.uno:PrintDefault
SID_PRINTER_NAME,5322,.uno:Printer
SID_PRINTOUT,5526,.uno:PrintOut
SID_PRINTPREVIEW,5325,.uno:PrintPreview
SID_PROGFILENAME,5342,.uno:FullName
SID_PROGPATH,5343,.uno:Path
SID_PSZ_FUNCTION,10423,.uno:StatusBarFunc
SID_QUICKEDIT,27158,.uno:QuickEdit
SID_QUITAPP,5300,.uno:Quit
SID_RANGE_ADDRESS,26618,.uno:Address
SID_RANGE_COL,26592,.uno:Column
SID_RANGE_FORMULA,26595,.uno:Formula
SID_RANGE_NOTETEXT,26623,.uno:NoteText
SID_RANGE_OFFSET,26619,.uno:Offset
SID_RANGE_REGION,26644,.uno:CurrentRegion
SID_RANGE_ROW,26591,.uno:Row
SID_RANGE_TABLE,26593,.uno:Table
SID_RANGE_TEXTVALUE,26597,.uno:TextValue
SID_RANGE_VALUE,26594,.uno:Value
SID_READONLY_MODE,10930,.uno:ReadOnlyMode
SID_RECENTFILELIST,6697,.uno:RecentFileList
SID_RECORDING_FLOATWINDOW,5800,.uno:MacroRecordingFloat
SID_RECORDMACRO,6669,.uno:MacroRecorder
SID_REDO,5700,.uno:Redo
SID_REFRESH_DBAREA,26643,.uno:DataAreaRefresh
SID_REHEARSE_TIMINGS,10159,.uno:RehearseTimings
SID_REIMPORT_AFTER_LOAD,26080,.uno:ReImportAfterLoad
SID_REIMPORT_DATA,26336,.uno:DataReImport
SID_RELOAD,5508,.uno:Reload
SID_RENAMELAYER,27269,.uno:RenameLayer
SID_RENAMEPAGE,27268,.uno:RenamePage
SID_RENAMEPAGE_QUICK,27405,.uno:RenamePageQuick
SID_RENAME_MASTER_PAGE,27433,.uno:RenameMasterPage
SID_RENAME_OBJECT,26088,.uno:RenameObject
SID_REPAINT,26012,.uno:Repaint
SID_REPEAT,5702,.uno:Repeat
SID_REVERSE_ORDER,27117,.uno:ReverseOrder
SID_RUBY_DIALOG,6656,.uno:RubyDialog
SID_RULER,27040,.uno:ShowRuler
SID_RULER_BORDERS,10080,.uno:RulerBorders
SID_RULER_BORDERS_VERTICAL,10948,.uno:RulerBordersVertical
SID_RULER_BORDER_DISTANCE,10935,.uno:RulerBorderDistance
SID_RULER_LR_MIN_MAX,10084,.uno:HeaderFooterBorder
SID_RULER_NULL_OFFSET,10079,.uno:RulerNullOffset
SID_RULER_OBJECT,10081,.uno:RulerObject
SID_RULER_PAGE_POS,10082,.uno:RulerPagePos
SID_RULER_PROTECT,10415,.uno:RulerProtect
SID_RULER_ROWS,10992,.uno:RulerRows
SID_RULER_ROWS_VERTICAL,10993,.uno:RulerRowsVertical
SID_RULER_TEXT_RIGHT_TO_LEFT,10952,.uno:TextRTL
SID_RUNMACRO,6692,.uno:RunMacro
SID_SAVEASDOC,5502,.uno:SaveAs
SID_SAVECONFIG,5930,.uno:SaveConfiguration
SID_SAVEDOC,5505,.uno:Save
SID_SAVEDOCS,5309,.uno:SaveAll
SID_SAVEDOCTOBOOKMARK,6315,.uno:FileDocument
SID_SAVE_VERSION_ON_CLOSE,6670,.uno:SaveVersionOnClose
SID_SBA_BRW_INSERT,12202,.uno:SbaBrwInsert
SID_SBA_IMPORT,26342,.uno:SbaImport
SID_SCAN,10330,.uno:Scan
SID_SCATTR_PROTECTION,26036,.uno:Protection
SID_SCENARIOS,26312,.uno:ScenarioManager
SID_SCH_EDITOPTIONS,10437,.uno:SchEditOptions
SID_SCOPTIONS,26309,.uno:ToolsOptions
SID_SCRIPTORGANIZER,6690,.uno:ScriptOrganizer
SID_SC_ACTIVECELL,26589,.uno:ActiveCell
SID_SC_ACTIVEOBJECT,26622,.uno:SelectedObject
SID_SC_ACTIVETAB,26590,.uno:ActiveTable
SID_SC_CELLS,26584,.uno:Cells
SID_SC_CELLTEXT,26587,.uno:CellText
SID_SC_EDITOPTIONS,10435,.uno:ScEditOptions
SID_SC_EDIT_OBJECT,26234,.uno:EditObject
SID_SC_RANGE,26585,.uno:Range
SID_SC_SELECTION,26586,.uno:Selection
SID_SC_SETTEXT,26617,.uno:PutCell
SID_SD_AUTOPILOT,10425,.uno:AutoPilotPresentations
SID_SD_EDITOPTIONS,10434,.uno:SdEditOptions
SID_SD_GRAPHIC_OPTIONS,10447,.uno:SdGraphicOptions
SID_SEARCH_DLG,5961,.uno:SearchDialog
SID_SEARCH_ITEM,10291,.uno:SearchProperties
SID_SEARCH_OPTIONS,10281,.uno:SearchOptions
SID_SELECT,5720,.uno:Select
SID_SELECTALL,5723,.uno:SelectAll
SID_SELECTAT,27256,.uno:SelectAt
SID_SELECTGRADIENT,27278,.uno:SelectGradient
SID_SELECTHATCH,27279,.uno:SelectHatch
SID_SELECT_COL,26547,.uno:SelectColumn
SID_SELECT_DB,26321,.uno:SelectDB
SID_SELECT_NONE,26549,.uno:Deselect
SID_SELECT_ROW,26548,.uno:SelectRow
SID_SELECT_SCENARIO,26378,.uno:SelectScenario
SID_SELECT_TABLES,26090,.uno:SelectTables
SID_SETFILLCOLOR,27263,.uno:SetFillColor
SID_SETFILLSTYLE,27262,.uno:SetFillStyle
SID_SETGRADENDCOLOR,27277,.uno:GradientEndColor
SID_SETGRADSTARTCOLOR,27276,.uno:GradientStartColor
SID_SETHATCHCOLOR,27275,.uno:HatchColor
SID_SETINPUTMODE,26552,.uno:SetInputMode
SID_SETLINECOLOR,27274,.uno:LineColor
SID_SETLINESTYLE,27265,.uno:SetLineStyle
SID_SETLINEWIDTH,27266,.uno:SetLineWidth
SID_SETOPTIONS,5670,.uno:SetOptions
SID_SETUPPRINTER,5302,.uno:PrinterSetup
SID_SET_DEFAULT,10456,.uno:SetDefault
SID_SET_SNAPITEM,27077,.uno:SetSnapItem
SID_SET_SUB_SCRIPT,10295,.uno:SubScript
SID_SET_SUPER_SCRIPT,10294,.uno:SuperScript
SID_SHOWPOPUPS,5929,.uno:ShowPopups
SID_SHOW_BROWSER,10163,.uno:ShowBrowser
SID_SHOW_IME_STATUS_WINDOW,6680,.uno:ShowImeStatusWindow
SID_SHOW_ITEMBROWSER,11001,.uno:ShowItemBrowser
SID_SHOW_PROPERTYBROWSER,10943,.uno:ShowPropBrowser
SID_SIGNATURE,6643,.uno:Signature
SID_SIM_EDITOPTIONS,10438,.uno:SimEditOptions
SID_SIM_START,30000,.uno:LaunchStarImage
SID_SIZE_ALL,10101,.uno:ZoomOptimal
SID_SIZE_OPTIMAL,27099,.uno:ZoomObjects
SID_SIZE_PAGE,10100,.uno:ZoomPage
SID_SIZE_PAGE_WIDTH,27098,.uno:ZoomPageWidth
SID_SIZE_REAL,10099,.uno:Zoom100Percent
SID_SIZE_VISAREA,27114,.uno:ZoomVisArea
SID_SLIDE_MASTERPAGE,27348,.uno:SlideMasterPage
SID_SLIDE_TRANSITIONS_PANEL,27334,.uno:SlideChangeWindow
SID_SM_EDITOPTIONS,10436,.uno:SmEditOptions
SID_SNAP_BORDER,27155,.uno:SnapBorder
SID_SNAP_FRAME,27156,.uno:SnapFrame
SID_SNAP_POINTS,27157,.uno:SnapPoints
SID_SOLID_CREATE,27151,.uno:SolidCreate
SID_SOLVE,26106,.uno:GoalSeek
SID_SORT,26322,.uno:DataSort
SID_SORT_ASCENDING,26344,.uno:SortAscending
SID_SORT_DESCENDING,26343,.uno:SortDescending
SID_SOURCEVIEW,5675,.uno:SourceView
SID_SPECIAL_FILTER,26324,.uno:DataFilterSpecialFilter
SID_SPELLCHECKER_CHANGED,10446,.uno:SpellCheckerChanged
SID_SPELL_DIALOG,10243,.uno:SpellDialog
SID_SPLIT_HORIZONTAL,5647,.uno:SplitHorizontal
SID_SPLIT_PARENT_HORIZONTAL,5649,.uno:SplitParentHorizontal
SID_SPLIT_PARENT_VERTICAL,5650,.uno:SplitParentVertical
SID_SPLIT_VERTICAL,5648,.uno:SplitVertical
SID_STANDARD_FONTS,26064,.uno:StandardFonts
SID_STARTAPP,27052,.uno:StartApplication
SID_STATUSBARTEXT,5642,.uno:StatusBar
SID_STATUS_DOCPOS,26114,.uno:StatusDocPos
SID_STATUS_LAYOUT,27087,.uno:LayoutStatus
SID_STATUS_PAGE,27086,.uno:PageStatus
SID_STATUS_PAGESTYLE,26115,.uno:StatusPageStyle
SID_STATUS_SELMODE,26116,.uno:StatusSelectionMode
SID_STATUS_SELMODE_ERG,26122,.uno:StatusSelectionModeExp
SID_STATUS_SELMODE_ERW,26123,.uno:StatusSelectionModeExt
SID_STATUS_SELMODE_NORM,26124,.uno:StatusSelectionModeNorm
SID_STATUS_SUM,26130,.uno:StatusFunction
SID_STOP_RECORDING,6671,.uno:StopRecording
SID_STYLE_APPLY,5552,.uno:StyleApply
SID_STYLE_CATALOG,5573,.uno:StyleCatalog
SID_STYLE_DELETE,5551,.uno:DeleteStyle
SID_STYLE_DESIGNER,5539,.uno:DesignerDialog
SID_STYLE_DRAGHIERARCHIE,5565,.uno:DragHierarchy
SID_STYLE_EDIT,5550,.uno:EditStyle
SID_STYLE_FAMILY,5553,.uno:ActualStyleFamily
SID_STYLE_FAMILY1,5541,.uno:CharStyle
SID_STYLE_FAMILY2,5542,.uno:ParaStyle
SID_STYLE_FAMILY3,5543,.uno:FrameStyle
SID_STYLE_FAMILY4,5544,.uno:PageStyle
SID_STYLE_FAMILY5,5545,.uno:TemplateFamily5
SID_STYLE_NEW,5549,.uno:NewStyle
SID_STYLE_NEW_BY_EXAMPLE,5555,.uno:StyleNewByExample
SID_STYLE_UPDATE_BY_EXAMPLE,5556,.uno:StyleUpdateByExample
SID_STYLE_WATERCAN,5554,.uno:StyleWatercanMode
SID_SUBTOTALS,26328,.uno:DataSubTotals
SID_SUMMARY_PAGE,27344,.uno:SummaryPage
SID_SWITCHLAYER,27047,.uno:SwitchLayer
SID_SWITCHPAGE,27045,.uno:SwitchPage
SID_SWITCH_POINTEDIT,27074,.uno:SwitchPointEdit
SID_SW_EDITOPTIONS,10433,.uno:SwEditOptions
SID_TABLES_COUNT,26654,.uno:TableCount
SID_TABLES_GET,26599,.uno:Tables
SID_TABLE_ACTIVATE,26598,.uno:ActivateTable
SID_TABLE_CELL,10225,.uno:StateTableCell
SID_TABOP,26338,.uno:TableOperation
SID_TASKBAR,5931,.uno:TaskBarVisible
SID_TBXCTL_INSCELLS,26627,.uno:InsCellsCtrl
SID_TBXCTL_INSERT,26626,.uno:InsertCtrl
SID_TBXCTL_INSOBJ,26628,.uno:InsObjCtrl
SID_TEMPLATE_ADDRESSBOKSOURCE,6655,.uno:AddressBookSource
SID_TEMPLATE_LOAD,5663,.uno:LoadStyles
SID_TERMINATE_INPLACEACTIVATION,6702,.uno:TerminateInplaceActivation
SID_TEXTALIGNMENT,27029,.uno:TextAlignment
SID_TEXTATTR_DLG,27281,.uno:TextAttributes
SID_TEXTDIRECTION_LEFT_TO_RIGHT,10907,.uno:TextdirectionLeftToRight
SID_TEXTDIRECTION_TOP_TO_BOTTOM,10908,.uno:TextdirectionTopToBottom
SID_TEXTEDIT,27076,.uno:ToolEdit
SID_TEXT_DRAFT,27148,.uno:TextDraft
SID_TEXT_FITTOSIZE,27285,.uno:TextFitToSizeTool
SID_TEXT_FITTOSIZE_VERTICAL,27286,.uno:VerticalTextFitToSizeTool
SID_TEXT_STANDARD,26296,.uno:StandardTextAttributes
SID_TEXT_TO_COLUMNS,26339,.uno:TextInSpalten
SID_THESAURUS,10245,.uno:Thesaurus
SID_TIPWINDOW,6632,.uno:TipsDialog
SID_TITLE,5307,.uno:Title
SID_TITLE_MASTERPAGE,27351,.uno:TitleMasterPage
SID_TOGGLESTATUSBAR,5920,.uno:StatusBarVisible
SID_TOGGLE_MENUBAR,6661,.uno:MenuBarVisible
SID_TOGGLE_REL,26609,.uno:ToggleRelative
SID_TOOLBOXOPTIONS,5907,.uno:LoadToolBox
SID_TOOL_CONNECTOR,27058,.uno:Connector
SID_TOPDOC,5694,.uno:GetActiveTask
SID_TRANSLITERATE_FULLWIDTH,10915,.uno:ChangeCaseToFullWidth
SID_TRANSLITERATE_HALFWIDTH,10914,.uno:ChangeCaseToHalfWidth
SID_TRANSLITERATE_HIRAGANA,10916,.uno:ChangeCaseToHiragana
SID_TRANSLITERATE_KATAGANA,10917,.uno:ChangeCaseToKatakana
SID_TRANSLITERATE_LOWER,10913,.uno:ChangeCaseToLower
SID_TRANSLITERATE_UPPER,10912,.uno:ChangeCaseToUpper
SID_TWAIN_SELECT,10331,.uno:TwainSelect
SID_TWAIN_TRANSFER,10332,.uno:TwainTransfer
SID_ULINE_VAL_DOTTED,26649,.uno:UnderlineDotted
SID_ULINE_VAL_DOUBLE,26648,.uno:UnderlineDouble
SID_ULINE_VAL_NONE,26646,.uno:UnderlineNone
SID_ULINE_VAL_SINGLE,26647,.uno:UnderlineSingle
SID_UNDO,5701,.uno:Undo
SID_UNFILTER,26326,.uno:DataFilterRemoveFilter
SID_UNGROUP,10455,.uno:FormatUngroup
SID_UNSELECT,27280,.uno:DeSelect
SID_UPDATECHART,26013,.uno:UpdateChart
SID_UPDATETABLINKS,26072,.uno:UpdateTableLinks
SID_UPDATE_CONFIG,6681,.uno:UpdateConfiguration
SID_UPDATE_VERSION,6568,.uno:UpdateVersion
SID_VERSION,6583,.uno:VersionDialog
SID_VERSION_VISIBLE,5313,.uno:VersionVisible
SID_VERTICAL,27034,.uno:MirrorVert
SID_VERTICALTEXT_STATE,10957,.uno:VerticalTextState
SID_VIEWSHELL,5623,.uno:SwitchViewShell
SID_VIEWSHELL0,5630,.uno:_SwitchViewShell0
SID_VIEWSHELL1,5631,.uno:_SwitchViewShell1
SID_VIEWSHELL2,5632,.uno:_SwitchViewShell2
SID_VIEWSHELL3,5633,.uno:_SwitchViewShell3
SID_VIEWSHELL4,5634,.uno:_SwitchViewShell4
SID_VIEW_DATA_SOURCE_BROWSER,6660,.uno:ViewDataSourceBrowser
SID_V_ALIGNCELL,26379,.uno:VerticalAlignment
SID_WINDOW_FIX,26070,.uno:FreezePanes
SID_WINDOW_SPLIT,26069,.uno:SplitWindow
SID_WIN_FULLSCREEN,5627,.uno:FullScreen
SID_WIN_POSSIZE,5628,.uno:Area
SID_WIN_VISIBLE,5629,.uno:WinVisible
SID_ZOOM,10289,.uno:Zooming
SID_ZOOM_IN,10098,.uno:ZoomMinus
SID_ZOOM_NEXT,10402,.uno:ZoomNext
SID_ZOOM_OUT,10097,.uno:ZoomPlus
SID_ZOOM_PANNING,27017,.uno:ZoomPanning
SID_ZOOM_PREV,10403,.uno:ZoomPrevious
SID_ZOOM_TOOLBOX,10096,.uno:ZoomToolBox
WID_SIMPLE_REF,25728,.uno:SimpleReferenz
