h2	helpcontent2 :    languages xmlhelp NULL
h2	helpcontent2                                           usr1  - all hp2_mkout hp2_aux NULL
h2	helpcontent2\prj                                       get   - all hp2_prj hp2_aux NULL
h2	helpcontent2\source\text\sbasic              nmake - all hp2_sbas hp2_aux NULL
h2	helpcontent2\source\text\scalc                         nmake - all hp2_scal hp2_aux NULL
h2	helpcontent2\source\text\schart                        nmake - all hp2_scha hp2_aux NULL
h2	helpcontent2\source\text\sdraw                         nmake - all hp2_sdra hp2_aux NULL
h2	helpcontent2\source\text\shared                        nmake - all hp2_shar hp2_aux NULL
h2	helpcontent2\source\text\simpress                      nmake - all hp2_simp hp2_aux NULL
h2	helpcontent2\source\text\smath                      nmake - all hp2_smat hp2_aux NULL
h2	helpcontent2\source\text\swriter                      nmake - all hp2_swri hp2_aux NULL
h2	helpcontent2\util\sbasic                               nmake - all hp2_ut_sbas hp2_aux hp2_sbas hp2_scal hp2_scha hp2_sdra hp2_shar hp2_simp hp2_smat hp2_swri NULL
h2	helpcontent2\util\schart                               nmake - all hp2_ut_scha hp2_ut_sbas NULL
h2	helpcontent2\util\scalc                               nmake - all hp2_ut_scal hp2_ut_sbas NULL
h2	helpcontent2\util\sdraw                               nmake - all hp2_ut_sdra hp2_ut_sbas NULL
h2	helpcontent2\util\sdatabase                               nmake - all hp2_ut_sdat hp2_ut_sbas NULL
h2	helpcontent2\util\shared                               nmake - all hp2_ut_shar hp2_ut_sbas NULL
h2	helpcontent2\util\simpress                               nmake - all hp2_ut_simp hp2_ut_sbas NULL
h2	helpcontent2\util\smath                               nmake - all hp2_ut_smath hp2_ut_sbas NULL
#h2	helpcontent2\util\swriter                               nmake - all hp2_ut_swri hp2_sbas NULL
h2	helpcontent2\source\auxiliary                          nmake - all hp2_aux NULL
