###############################################################
#
#  Licensed to the Apache Software Foundation (ASF) under one
#  or more contributor license agreements.  See the NOTICE file
#  distributed with this work for additional information
#  regarding copyright ownership.  The ASF licenses this file
#  to you under the Apache License, Version 2.0 (the
#  "License"); you may not use this file except in compliance
#  with the License.  You may obtain a copy of the License at
#
#    http://www.apache.org/licenses/LICENSE-2.0
#
#  Unless required by applicable law or agreed to in writing,
#  software distributed under the License is distributed on an
#  "AS IS" BASIS, WITHOUT WARRANTIES OR CONDITIONS OF ANY
#  KIND, either express or implied.  See the License for the
#  specific language governing permissions and limitations
#  under the License.
#
###############################################################
# NOTE: the _ZTI*/_ZTS* entries below are deliberately not platform-specific.
# A version script that hides typeinfo and typeinfo-name symbols breaks C++
# across library boundaries: type_info objects have vague linkage, so hiding
# them gives each library its own copy and cross-library "catch" and
# "dynamic_cast" then fail to match.  Exporting them restores the one-definition
# behaviour that libraries without a version script already have.
#
# Exporting is also the right intent on macOS/arm64, where the C++-UNO bridge
# resolves exception typeinfo with dlsym() first and falls back to synthesis
# only if that fails.  In practice it always falls back there: clang emits the
# typeinfo of every keyless class (which is every UNO exception) as hidden on
# arm64 Darwin regardless of any version script or export list, so these _ZTI*
# entries do not reach dlsym() on that platform.  Keep them anyway -- they are
# correct and load-bearing for every other target -- and see
# bridges/source/cpp_uno/s5abi_macosx_aarch64/except.cxx (RTTI::getRTTI and
# RTTI::synthesiseRTTI) for how arm64 copes without them, and
# solenv/bin/addsym-macosx.sh.
UDK_3_0_0 {
    global:
		component_getImplementationEnvironment;
		component_getFactory;
		_ZTI*;
		_ZTS*;
	local:
	*;
};
