mkdir: %_DEST%\lib%_EXT%\python
mkdir: %_DEST%\lib%_EXT%\python\site-packages
mkdir: %_DEST%\lib%_EXT%\python\encodings
mkdir: %_DEST%\lib%_EXT%\python\email
mkdir: %_DEST%\lib%_EXT%\python\email\mime
mkdir: %_DEST%\lib%_EXT%\python\distutils
mkdir: %_DEST%\lib%_EXT%\python\distutils\command
mkdir: %_DEST%\lib%_EXT%\python\xml
mkdir: %_DEST%\lib%_EXT%\python\xml\dom
mkdir: %_DEST%\lib%_EXT%\python\xml\parsers
mkdir: %_DEST%\lib%_EXT%\python\xml\sax
mkdir: %_DEST%\lib%_EXT%\python\xml\etree
mkdir: %_DEST%\lib%_EXT%\python\curses
mkdir: %_DEST%\lib%_EXT%\python\lib-dynload
mkdir: %_DEST%\lib%_EXT%\python\logging
mkdir: %_DEST%\lib%_EXT%\python\idlelib
mkdir: %_DEST%\lib%_EXT%\python\idlelib\Icons
mkdir: %_DEST%\lib%_EXT%\python\wsgiref
mkdir: %_DEST%\lib%_EXT%\python\json
mkdir: %_DEST%\lib%_EXT%\python\lib2to3
mkdir: %_DEST%\lib%_EXT%\python\lib2to3\fixes
mkdir: %_DEST%\lib%_EXT%\python\lib2to3\pgen2
mkdir: %_DEST%\lib%_EXT%\python\sqlite3
mkdir: %_DEST%\lib%_EXT%\python\ctypes
mkdir: %_DEST%\lib%_EXT%\python\ctypes\macholib
mkdir: %_DEST%\lib%_EXT%\python\importlib
mkdir: %_DEST%\lib%_EXT%\python\multiprocessing
mkdir: %_DEST%\lib%_EXT%\python\multiprocessing\dummy
mkdir: %_DEST%\lib%_EXT%\python\unittest
mkdir: %_DEST%\lib%_EXT%\python\asyncio
mkdir: %_DEST%\lib%_EXT%\python\collections
mkdir: %_DEST%\lib%_EXT%\python\concurrent
mkdir: %_DEST%\lib%_EXT%\python\concurrent\futures
mkdir: %_DEST%\lib%_EXT%\python\dbm
mkdir: %_DEST%\lib%_EXT%\python\html
mkdir: %_DEST%\lib%_EXT%\python\http
mkdir: %_DEST%\lib%_EXT%\python\importlib\metadata
mkdir: %_DEST%\lib%_EXT%\python\importlib\resources
mkdir: %_DEST%\lib%_EXT%\python\pydoc_data
mkdir: %_DEST%\lib%_EXT%\python\re
mkdir: %_DEST%\lib%_EXT%\python\tomllib
mkdir: %_DEST%\lib%_EXT%\python\urllib
mkdir: %_DEST%\lib%_EXT%\python\xmlrpc
mkdir: %_DEST%\lib%_EXT%\python\zoneinfo
mkdir: %_DEST%\lib%_EXT%\python\python3.11\config
mkdir: %_DEST%\inc%_EXT%\python\cpython

# The first line copies only the FILES at the top of Lib; deliver.pl does not
# recurse.  Every stdlib PACKAGE therefore needs its own mkdir above and its own
# line below, and the two lists must stay in sync.  Python 3 turned a number of
# former single-file modules (collections, re, urllib, ...) into packages, so a
# list inherited from a Python 2 tree silently drops them -- and dropping
# collections alone is enough to break "import uno", which imports socket.
# When bumping Python, diff Lib/*/ against this list.
..\%__SRC%\misc\build\Python-3.11.15\Lib\* %_DEST%\lib%_EXT%\python\*
..\%__SRC%\misc\build\Python-3.11.15\Lib\site-packages\* %_DEST%\lib%_EXT%\python\site-packages\*
..\%__SRC%\misc\build\Python-3.11.15\Lib\encodings\* %_DEST%\lib%_EXT%\python\encodings\*
..\%__SRC%\misc\build\Python-3.11.15\Lib\email\* %_DEST%\lib%_EXT%\python\email\*
..\%__SRC%\misc\build\Python-3.11.15\Lib\email\mime\* %_DEST%\lib%_EXT%\python\email\mime\*
..\%__SRC%\misc\build\Python-3.11.15\Lib\distutils\* %_DEST%\lib%_EXT%\python\distutils\*
..\%__SRC%\misc\build\Python-3.11.15\Lib\distutils\command\* %_DEST%\lib%_EXT%\python\distutils\command\*
..\%__SRC%\misc\build\Python-3.11.15\Lib\xml\* %_DEST%\lib%_EXT%\python\xml\*
..\%__SRC%\misc\build\Python-3.11.15\Lib\xml\dom\* %_DEST%\lib%_EXT%\python\xml\dom\*
..\%__SRC%\misc\build\Python-3.11.15\Lib\xml\parsers\* %_DEST%\lib%_EXT%\python\xml\parsers\*
..\%__SRC%\misc\build\Python-3.11.15\Lib\xml\sax\* %_DEST%\lib%_EXT%\python\xml\sax\*
..\%__SRC%\misc\build\Python-3.11.15\Lib\curses\* %_DEST%\lib%_EXT%\python\curses\*
..\%__SRC%\misc\build\Python-3.11.15\Lib\logging\* %_DEST%\lib%_EXT%\python\logging\*
..\%__SRC%\misc\build\Python-3.11.15\Lib\idlelib\* %_DEST%\lib%_EXT%\python\idlelib\*
..\%__SRC%\misc\build\Python-3.11.15\Lib\idlelib\Icons\* %_DEST%\lib%_EXT%\python\idlelib\Icons\*
..\%__SRC%\misc\build\Python-3.11.15\Lib\wsgiref\* %_DEST%\lib%_EXT%\python\wsgiref\*
..\%__SRC%\misc\build\Python-3.11.15\Lib\json\* %_DEST%\lib%_EXT%\python\json\*
..\%__SRC%\misc\build\Python-3.11.15\Lib\lib2to3\* %_DEST%\lib%_EXT%\python\lib2to3\*
..\%__SRC%\misc\build\Python-3.11.15\Lib\lib2to3\fixes\* %_DEST%\lib%_EXT%\python\lib2to3\fixes\*
..\%__SRC%\misc\build\Python-3.11.15\Lib\lib2to3\pgen2\* %_DEST%\lib%_EXT%\python\lib2to3\pgen2\*
..\%__SRC%\misc\build\Python-3.11.15\Lib\sqlite3\* %_DEST%\lib%_EXT%\python\sqlite3\*
..\%__SRC%\misc\build\Python-3.11.15\Lib\ctypes\* %_DEST%\lib%_EXT%\python\ctypes\*
..\%__SRC%\misc\build\Python-3.11.15\Lib\ctypes\macholib\* %_DEST%\lib%_EXT%\python\ctypes\macholib\*
..\%__SRC%\misc\build\Python-3.11.15\Lib\xml\etree\* %_DEST%\lib%_EXT%\python\xml\etree
..\%__SRC%\misc\build\Python-3.11.15\Lib\importlib\* %_DEST%\lib%_EXT%\python\importlib\*
..\%__SRC%\misc\build\Python-3.11.15\Lib\multiprocessing\* %_DEST%\lib%_EXT%\python\multiprocessing\*
..\%__SRC%\misc\build\Python-3.11.15\Lib\multiprocessing\dummy\* %_DEST%\lib%_EXT%\python\multiprocessing\dummy\*
..\%__SRC%\misc\build\Python-3.11.15\Lib\unittest\* %_DEST%\lib%_EXT%\python\unittest\*
..\%__SRC%\misc\build\Python-3.11.15\Lib\asyncio\* %_DEST%\lib%_EXT%\python\asyncio\*
..\%__SRC%\misc\build\Python-3.11.15\Lib\collections\* %_DEST%\lib%_EXT%\python\collections\*
..\%__SRC%\misc\build\Python-3.11.15\Lib\concurrent\* %_DEST%\lib%_EXT%\python\concurrent\*
..\%__SRC%\misc\build\Python-3.11.15\Lib\concurrent\futures\* %_DEST%\lib%_EXT%\python\concurrent\futures\*
..\%__SRC%\misc\build\Python-3.11.15\Lib\dbm\* %_DEST%\lib%_EXT%\python\dbm\*
..\%__SRC%\misc\build\Python-3.11.15\Lib\html\* %_DEST%\lib%_EXT%\python\html\*
..\%__SRC%\misc\build\Python-3.11.15\Lib\http\* %_DEST%\lib%_EXT%\python\http\*
..\%__SRC%\misc\build\Python-3.11.15\Lib\importlib\metadata\* %_DEST%\lib%_EXT%\python\importlib\metadata\*
..\%__SRC%\misc\build\Python-3.11.15\Lib\importlib\resources\* %_DEST%\lib%_EXT%\python\importlib\resources\*
..\%__SRC%\misc\build\Python-3.11.15\Lib\pydoc_data\* %_DEST%\lib%_EXT%\python\pydoc_data\*
..\%__SRC%\misc\build\Python-3.11.15\Lib\re\* %_DEST%\lib%_EXT%\python\re\*
..\%__SRC%\misc\build\Python-3.11.15\Lib\tomllib\* %_DEST%\lib%_EXT%\python\tomllib\*
..\%__SRC%\misc\build\Python-3.11.15\Lib\urllib\* %_DEST%\lib%_EXT%\python\urllib\*
..\%__SRC%\misc\build\Python-3.11.15\Lib\xmlrpc\* %_DEST%\lib%_EXT%\python\xmlrpc\*
..\%__SRC%\misc\build\Python-3.11.15\Lib\zoneinfo\* %_DEST%\lib%_EXT%\python\zoneinfo\*
..\%__SRC%\misc\build\Python-3.11.15\Makefile %_DEST%\lib%_EXT%\python\python3.11\config\Makefile
# _sysconfigdata filename is platform-mangled (e.g. _sysconfigdata__darwin_darwin.py on macOS,
# _sysconfigdata__linux_x86_64-linux-gnu.py on Linux). On Linux, makefile.mk's BUILD_ACTION
# renames the generated file to the plain name below before delivery runs (not yet handled
# for other platforms). The source below is deliberately NOT a wildcard: deliver.pl's
# glob_line() only renames-on-copy when the destination also has a wildcard; paired with a
# literal destination, a wildcard source makes it treat the destination as a directory and
# append the matched filename onto it, producing a bogus nested path.
..\%__SRC%\misc\build\python-inst\lib\python3.11\_sysconfigdata.py %_DEST%\lib%_EXT%\python\_sysconfigdata.py
..\pyversion.mk %_DEST%\inc%_EXT%\pyversion.mk
..\pyversion_dmake.mk %_DEST%\inc%_EXT%\pyversion_dmake.mk

..\%__SRC%\misc\build\Python-3.11.15\Include\* %_DEST%\inc%_EXT%\python\*
# Python 3 split the public headers in two: Include/ holds the stable API
# and Include/cpython/ the unstable one, which 34 of the headers above
# reach into by name whenever Py_LIMITED_API is undefined -- our case.
# Include/internal/ is NOT delivered: only Py_BUILD_CORE needs it.
..\%__SRC%\misc\build\Python-3.11.15\Include\cpython\* %_DEST%\inc%_EXT%\python\cpython\*

#unix ONLY !
..\%__SRC%\misc\build\python-inst\bin\python %_DEST%\bin%_EXT%\python
..\%__SRC%\misc\build\Python-3.11.15\pyconfig.h %_DEST%\inc%_EXT%\python\pyconfig.h
..\%__SRC%\misc\build\python-inst\lib\python3.11\lib-dynload\* %_DEST%\lib%_EXT%\python\lib-dynload\*
..\%__SRC%\misc\build\python-inst\lib64\python3.11\lib-dynload\* %_DEST%\lib%_EXT%\python\lib-dynload\*
..\%__SRC%\misc\build\python-inst\bin\python3.11 %_DEST%\bin%_EXT%\python
..\%__SRC%\misc\build\python-inst\lib\libpython3.11.so.1.0 %_DEST%\lib%_EXT%\libpython3.11.so.1.0
..\%__SRC%\misc\build\python-inst\lib64\libpython3.11.so.1.0 %_DEST%\lib%_EXT%\libpython3.11.so.1.0
symlink: %_DEST%\lib%_EXT%\libpython3.11.so.1.0 %_DEST%\lib%_EXT%\libpython3.11.so

# MacOS X
..\%__SRC%\misc\build\python-inst\lib\libpython3.11.dylib %_DEST%\lib%_EXT%\libpython3.11.dylib

#MingW ONLY !
..\%__SRC%\misc\build\python-inst\bin\python.exe %_DEST%\bin%_EXT%\python.exe
..\%__SRC%\misc\build\Python-3.11.15\libpython3.11.dll %_DEST%\bin%_EXT%\libpython3.11.dll

# WINDOWS ONLY !  Built by PCbuild/MSBuild on the UCRT generation; see
# makefile.mk.  _ssl, _ctypes and _testcapi are absent on purpose: the first
# two need externals PCbuild downloads, the third is a test module.
..\%__SRC%\misc\build\pyconfig.h %_DEST%\inc%_EXT%\python\pyconfig.h
..\%__SRC%\misc\build\Python-3.11.15\PCbuild\win32\python.exe %_DEST%\bin%_EXT%\python.exe
..\%__SRC%\misc\build\Python-3.11.15\PCbuild\win32\python311.dll %_DEST%\bin%_EXT%\python311.dll
..\%__SRC%\misc\build\Python-3.11.15\PCbuild\win32\python311.lib %_DEST%\lib%_EXT%\python311.lib
..\%__SRC%\misc\build\Python-3.11.15\PCbuild\win32\_socket.pyd %_DEST%\lib%_EXT%\python\_socket.pyd
..\%__SRC%\misc\build\Python-3.11.15\PCbuild\win32\select.pyd %_DEST%\lib%_EXT%\python\select.pyd
..\%__SRC%\misc\build\Python-3.11.15\PCbuild\win32\unicodedata.pyd %_DEST%\lib%_EXT%\python\unicodedata.pyd
..\%__SRC%\misc\build\Python-3.11.15\PCbuild\win32\winsound.pyd %_DEST%\lib%_EXT%\python\winsound.pyd
..\%__SRC%\misc\build\Python-3.11.15\PCbuild\win32\pyexpat.pyd %_DEST%\lib%_EXT%\python\pyexpat.pyd
..\%__SRC%\misc\build\Python-3.11.15\PCbuild\win32\_multiprocessing.pyd %_DEST%\lib%_EXT%\python\_multiprocessing.pyd
..\%__SRC%\misc\build\Python-3.11.15\PCbuild\win32\_msi.pyd %_DEST%\lib%_EXT%\python\_msi.pyd
..\%__SRC%\misc\build\Python-3.11.15\PCbuild\win32\_elementtree.pyd %_DEST%\lib%_EXT%\python\_elementtree.pyd

# Win64 ONLY!  Same build, amd64 output directory -- see the comment above.
..\%__SRC%\misc\build\Python-3.11.15\PCbuild\amd64\python.exe %_DEST%\bin%_EXT%\python.exe
..\%__SRC%\misc\build\Python-3.11.15\PCbuild\amd64\python311.dll %_DEST%\bin%_EXT%\python311.dll
..\%__SRC%\misc\build\Python-3.11.15\PCbuild\amd64\python311.lib %_DEST%\lib%_EXT%\python311.lib
..\%__SRC%\misc\build\Python-3.11.15\PCbuild\amd64\_socket.pyd %_DEST%\lib%_EXT%\python\_socket.pyd
..\%__SRC%\misc\build\Python-3.11.15\PCbuild\amd64\select.pyd %_DEST%\lib%_EXT%\python\select.pyd
..\%__SRC%\misc\build\Python-3.11.15\PCbuild\amd64\unicodedata.pyd %_DEST%\lib%_EXT%\python\unicodedata.pyd
..\%__SRC%\misc\build\Python-3.11.15\PCbuild\amd64\winsound.pyd %_DEST%\lib%_EXT%\python\winsound.pyd
..\%__SRC%\misc\build\Python-3.11.15\PCbuild\amd64\pyexpat.pyd %_DEST%\lib%_EXT%\python\pyexpat.pyd
..\%__SRC%\misc\build\Python-3.11.15\PCbuild\amd64\_multiprocessing.pyd %_DEST%\lib%_EXT%\python\_multiprocessing.pyd
..\%__SRC%\misc\build\Python-3.11.15\PCbuild\amd64\_msi.pyd %_DEST%\lib%_EXT%\python\_msi.pyd
..\%__SRC%\misc\build\Python-3.11.15\PCbuild\amd64\_elementtree.pyd %_DEST%\lib%_EXT%\python\_elementtree.pyd

#linklib: libpython.so.*.*.*
