job1=cached.CachedContentResultSetFactory
job2=cached.CachedContentResultSetStubFactory
job3=cached.CachedDynamicResultSetFactory
job4=cached.CachedDynamicResultSetStubFactory
job6=corereflection.uno.CoreReflection
job7=dbaccess.DBContentLoader
job8=dbaccess.OCommandDefinition
job9=dbaccess.ODatabaseContext
job10=dbaccess.ODatabaseSource
job11=dbaccess.ODatasourceAdministrationDialog
job12=dbaccess.OInteractionHandler
job13=dbaccess.OQueryDesign
job14=dbaccess.OSQLMessageDialog
job15=dbaccess.SbaXGridControl
job16=fileacc.SimpleFileAccess
job17=fop.FolderPicker
job18=forms.OButtonControl
job19=forms.OCheckBoxControl
job20=forms.OCheckBoxModel
job21=forms.OComboBoxControl
job22=forms.OComboBoxModel
job23=forms.OCurrencyControl
job24=forms.OCurrencyModel
job25=forms.ODateControl
job26=forms.ODateModel
job27=forms.OEditControl
job28=forms.OFileControlModel
job29=forms.OFixedTextModel
job30=forms.OFormattedControl
job31=forms.OFormattedFieldWrapper
job32=forms.OGroupBoxControl
job33=forms.OGroupBoxModel
job34=forms.OHiddenModel
job35=forms.OImageButtonControl
job36=forms.OImageButtonModel
job37=forms.OImageControlControl
job38=forms.OImageControlModel
job39=forms.OListBoxControl
job40=forms.OListBoxModel
job41=forms.ONumericControl
job42=forms.ONumericModel
job43=forms.OPatternControl
job44=forms.OPatternModel
job45=forms.ORadioButtonControl
job46=forms.ORadioButtonModel
job47=forms.OTimeControl
job48=forms.OTimeModel
job49=fwk.MailToDispatcher
job50=fwk.ServiceHandler
job51=fwl.PathSettings
job52=implreg.uno.ImplementationRegistration
job53=introspection.uno.Introspection
job54=invocadapt.uno.InvocationAdapterFactory
job55=invocation.uno.Invocation
job56=javavm.uno.JavaVirtualMachine
job57=lng.LinguProps
job58=mcnttype.MimeContentTypeFactory
job59=namingservice.uno.NamingService
job60=nestedreg.uno.NestedRegistry
job61=proxyfac.uno.ProxyFactory
job62=regtypeprov.uno.RegistryTypeDescriptionProvider
job63=remotebridge.uno.various
job64=sc.AccessibleEditableTextPara_HeaderFooter
job65=sc.ScAccessibleCell
job66=sc.ScAccessiblePageHeader
job67=sc.ScAccessiblePreviewTable
job68=sc.ScAccessibleSpreadsheet
job69=sc.ScAnnotationObj
job70=sc.ScAnnotationsObj
job71=sc.ScAreaLinksObj
job72=sc.ScAutoFormatFieldObj
job73=sc.ScAutoFormatObj
job74=sc.ScAutoFormatsObj
job75=sc.ScCellFieldObj
job76=sc.ScCellFieldsObj
job77=sc.ScCellFormatsEnumeration
job78=sc.ScCellFormatsObj
job79=sc.ScCellSearchObj
job80=sc.ScCellsEnumeration
job81=sc.ScCellsObj
job82=sc.ScDatabaseRangeObj
job83=sc.ScDatabaseRangesObj
job84=sc.ScDataPilotFieldObj
job85=sc.ScDataPilotFieldsObj
job86=sc.ScDataPilotTablesObj
job87=sc.ScDDELinkObj
job88=sc.ScDDELinksObj
job89=sc.ScDrawPagesObj
job90=sc.ScFilterDescriptorBase
job91=sc.ScFunctionListObj
job92=sc.ScHeaderFieldObj
job93=sc.ScHeaderFieldsObj
job94=sc.ScHeaderFooterContentObj
job95=sc.ScIndexEnumeration_CellAnnotationsEnumeration
job96=sc.ScIndexEnumeration_CellAreaLinksEnumeration
job97=sc.ScIndexEnumeration_DatabaseRangesEnumeration
job98=sc.ScIndexEnumeration_DataPilotFieldsEnumeration
job99=sc.ScIndexEnumeration_DataPilotTablesEnumeration
job100=sc.ScIndexEnumeration_DDELinksEnumeration
job101=sc.ScIndexEnumeration_FunctionDescriptionEnumeration
job102=sc.ScIndexEnumeration_LabelRangesEnumeration
job103=sc.ScIndexEnumeration_NamedRangesEnumeration
job104=sc.ScIndexEnumeration_ScenariosEnumeration
job105=sc.ScIndexEnumeration_SheetCellRangesEnumeration
job106=sc.ScIndexEnumeration_SheetLinksEnumeration
job107=sc.ScIndexEnumeration_SpreadsheetsEnumeration
job108=sc.ScIndexEnumeration_SpreadsheetViewPanesEnumeration
job109=sc.ScIndexEnumeration_SubTotalFieldsEnumeration
job110=sc.ScIndexEnumeration_TableAutoFormatEnumeration
job111=sc.ScIndexEnumeration_TableChartsEnumeration
job112=sc.ScIndexEnumeration_TableColumnsEnumeration
job113=sc.ScIndexEnumeration_TableConditionalEntryEnumeration
job114=sc.ScIndexEnumeration_TextFieldEnumeration
job115=sc.ScLabelRangeObj
job116=sc.ScLabelRangesObj
job117=sc.ScNamedRangeObj
job118=sc.ScRecentFunctionsObj
job119=sc.ScScenariosObj
job120=sc.ScSheetLinkObj
job121=sc.ScSheetLinksObj
job122=sc.ScSpreadsheetSettings
job123=sc.ScSpreadsheetSettingsObj
job124=sc.ScStyleFamiliesObj
job125=sc.ScStyleFamilyObj
job126=sc.ScStyleObj
job127=sc.ScSubTotalFieldObj
job128=sc.ScTableColumnObj
job129=sc.ScTableColumnsObj
job130=sc.ScTableConditionalEntry
job131=sc.ScTableConditionalFormat
job132=sc.ScTableRowObj
job133=sc.ScTableValidationObj
job134=sc.XMLContentExporter
job135=sc.XMLContentImporter
job136=sc.XMLImporter
job137=sc.XMLMetaExporter
job138=sc.XMLMetaImporter
job139=sc.XMLSettingsExporter
job140=sc.XMLSettingsImporter
job141=sc.XMLStylesExporter
job142=sc.XMLStylesImporter
job143=sd.AccessibleDrawDocumentView
job144=sd.AccessibleOutlineView
job145=sd.AccessibleSlideView
job146=sd.SdDocLinkTargets
job147=sd.SdDrawPagesAccess
job148=sd.SdLayer
job149=sd.SdLayerManager
job150=sd.SdMasterPagesAccess
job151=sd.SdXCustomPresentation
job152=sd.SdXPresentation
job153=servicemgr.uno.OServiceManager
job154=sfx.SfxMacroLoader
job155=simplereg.uno.SimpleRegistry
job156=sm.SmEditAccessible
job157=sm.SmModel
job158=sm.XMLExporter
job159=sm.XMLMetaExporter
job160=sm.XMLSettingsExporter
job161=sm.XMLSettingsImporter
job162=srtrs.SortedDynamicResultSetFactory
job163=streams.uno.DataInputStream
job164=streams.uno.DataOutputStream
job165=streams.uno.MarkableInputStream
job166=streams.uno.MarkableOutputStream
job167=streams.uno.ObjectInputStream
job168=streams.uno.ObjectOutputStream
job169=streams.uno.Pipe
job170=streams.uno.Pump
job171=svtools.AccessibleBrowseBoxHeaderBar
job172=svtools.AccessibleBrowseBoxHeaderCell
job173=svtools.AccessibleBrowseBoxTable
job174=svtools.AccessibleBrowseBoxTableCell
job175=svtools.AccessibleTabBar
job176=svtools.AccessibleTabBarPageList
job177=svx.AccessibleControlShape
job178=svx.AccessibleGraphicShape
job179=svx.AccessiblePresentationGraphicShape
job180=svx.AccessiblePresentationShape
job181=svx.AccessibleShape
job182=svx.SvxShapeCollection
job183=svx.SvxUnoTextContent
job184=svx.SvxUnoTextContentEnum
job185=svx.SvxUnoTextField
job186=svx.SvxUnoTextRangeEnumeration
job187=sw.SwAccessibleDocumentPageView
job188=sw.SwAccessibleDocumentView
job189=sw.SwAccessibleEndnoteView
job190=sw.SwAccessibleFooterView
job191=sw.SwAccessibleFootnoteView
job192=sw.SwAccessibleHeaderView
job193=sw.SwAccessibleParagraphView
job194=sw.SwAccessibleTableCellView
job195=sw.SwAccessibleTextFrameView
job196=sw.SwAccessibleTextGraphicObject
job197=sw.SwXBodyText
job198=sw.SwXBookmark
job199=sw.SwXBookmarks
job200=sw.SwXCell
job201=sw.SwXDocumentIndexes
job202=sw.SwXDocumentIndexMark
job203=sw.SwXEndnoteProperties
job204=sw.SwXFieldEnumeration
job205=sw.SwXFieldMaster
job206=sw.SwXFootnote
job207=sw.SwXFootnoteProperties
job208=sw.SwXFootnotes
job209=sw.SwXFootnoteText
job210=sw.SwXFrames
job211=sw.SwXHeadFootText
job212=sw.SwXLineNumberingProperties
job213=sw.SwXModule
job214=sw.SwXParagraphEnumeration
job215=sw.SwXPrintSettings
job216=sw.SwXPropertySet
job217=sw.SwXPropertySetInfo
job218=sw.SwXReferenceMark
job219=sw.SwXReferenceMarks
job220=sw.SwXStyle
job221=sw.SwXStyleFamilies
job222=sw.SwXStyleFamily
job223=sw.SwXTableCellText
job224=sw.SwXTableRows
job225=sw.SwXTextColumns
job226=sw.SwXTextDefaults
job227=sw.SwXTextEmbeddedObjects
job228=sw.SwXTextField
job229=sw.SwXTextFieldMasters
job230=sw.SwXTextFieldTypes
job231=sw.SwXTextFrameText
job232=sw.SwXTextGraphicObjects
job233=sw.SwXTextPortionEnumeration
job234=sw.SwXTextRanges
job235=sw.SwXTextSearch
job236=sw.SwXTextSection
job237=sw.SwXTextSections
job238=sw.SwXTextTableRow
job239=sw.SwXTextTables
job240=sw.SwXViewSettings
job241=sw.XMLContentExporter
job242=sw.XMLExporter
job243=sw.XMLImporter
job244=sw.XMLMetaExporter
job245=sw.XMLSettingsExporter
job246=sw.XMLSettingsImporter
job247=sw.XMLStylesExporter
job248=sysdtrans.SystemClipboard
job249=syssh.SystemShellExecute
job250=text.DefaultNumberingProvider
job251=toolkit.AccessibleComboBox
job252=toolkit.AccessibleList
job253=toolkit.AccessibleListBox
job254=toolkit.AccessibleMenuSeparator
job255=toolkit.AccessibleStatusBar
job256=toolkit.AccessibleTabControl
job257=toolkit.AccessibleWindow
job258=toolkit.TabControllerModel
job259=toolkit.UnoControlCheckBox
job260=toolkit.UnoControlCheckBoxModel
job261=toolkit.UnoControlComboBox
job262=toolkit.UnoControlComboBoxModel
job263=toolkit.UnoControlContainerModel
job264=toolkit.UnoControlCurrencyField
job265=toolkit.UnoControlCurrencyFieldModel
job266=toolkit.UnoControlDateField
job267=toolkit.UnoControlDateFieldModel
job268=toolkit.UnoControlEdit
job269=toolkit.UnoControlEditModel
job270=toolkit.UnoControlFileControlModel
job271=toolkit.UnoControlFixedText
job272=toolkit.UnoControlFixedTextModel
job273=toolkit.UnoControlFormattedField
job274=toolkit.UnoControlFormattedFieldModel
job275=toolkit.UnoControlGroupBox
job276=toolkit.UnoControlGroupBoxModel
job277=toolkit.UnoControlImageControl
job278=toolkit.UnoControlImageControlModel
job279=toolkit.UnoControlListBox
job280=toolkit.UnoControlListBoxModel
job281=toolkit.UnoControlNumericFieldModel
job282=toolkit.UnoControlPatternField
job283=toolkit.UnoControlPatternFieldModel
job284=toolkit.UnoControlProgressBarModel
job285=toolkit.UnoControlRadioButton
job286=toolkit.UnoControlRadioButtonModel
job287=toolkit.UnoControlScrollBarModel
job288=toolkit.UnoControlTimeField
job289=toolkit.UnoControlTimeFieldModel
job290=typeconverter.uno.TypeConverter
job291=typemgr.uno.TypeDescriptionManager
job292=ucb.UcbContentProviderProxyFactory
job293=ucb.UcbPropertiesManager
job294=ucb.UcbStore
job295=ucb.UniversalContentBroker
job296=ucpchelp.CHelpContentProvider
job297=ucpdav.WebDAVContentProvider
job298=ucpfile.FileProvider
job299=ucpftp.FTPContentProvider
job300=ucphier.HierarchyContentProvider
job301=ucphier.HierarchyDataSource
job302=ucppkg.PackageContentProvider
job303=uui.UUIInteractionHandler
job304=xmloff.Draw.XMLContentExporter
job305=xmloff.Draw.XMLExporter
job306=xmloff.Draw.XMLMetaExporter
job307=xmloff.Draw.XMLSettingsExporter
job308=xmloff.Draw.XMLSettingsImporter
job309=xmloff.Draw.XMLStylesExporter
job310=xmloff.Impress.XMLContentExporter
job311=xmloff.Impress.XMLExporter
job312=xmloff.Impress.XMLMetaExporter
job313=xmloff.Impress.XMLSettingsExporter
job314=xmloff.Impress.XMLSettingsImporter
job315=xmloff.Impress.XMLStylesExporter
job316=cfgmgr2.AdministrationProvider
job317=cfgmgr2.ConfigurationProvider
job318=cfgmgr2.ConfigurationProviderWrapper
job319=cfgmgr2.OConfigurationRegistry
